<html>
<body>
<pre>
<h1>µVision Build Log</h1>
<h2>Tool Versions:</h2>
IDE-Version: ¦ÌVision V5.14.0.0
Copyright (C) 2015 ARM Ltd and ARM Germany GmbH. All rights reserved.
License Information: L Microsoft, Microsoft, LIC=VGX74-FAM90-V1TP8-3050U-5QI6D-3H0KJ
 
Tool Versions:
Toolchain:       MDK-ARM Standard  Version: 5.14.0.0
Toolchain Path:  C:\Keil_v5\ARM\ARMCC\Bin
C Compiler:      Armcc.exe V5.05 update 1 (build 106)
Assembler:       Armasm.exe V5.05 update 1 (build 106)
Linker/Locator:  ArmLink.exe V5.05 update 1 (build 106)
Library Manager: ArmAr.exe V5.05 update 1 (build 106)
Hex Converter:   FromElf.exe V5.05 update 1 (build 106)
CPU DLL:         SARMCM3.DLL V5.14.0.0
Dialog DLL:      DCM.DLL V1.13.1.0
Target DLL:      Segger\JL2CM3.dll V2.99.13.0
Dialog DLL:      TCM.DLL V1.14.4.0
 
<h2>Project:</h2>
C:\Users\LQ\Desktop\asd\Project\Pro.uvprojx
Project File Date:  12/21/2016

<h2>Output:</h2>
Build target 'Target 1'
compiling main.c...
compiling Scheduler.c...
compiling Communication.c...
compiling FlyControl.c...
compiling Posotion.c...
..\User\Code_C\src\Posotion.c(46): warning:  #550-D: variable "Speed" was set but never used
        float Speed = 0;;       
..\User\Code_C\src\Posotion.c: 1 warning, 0 errors
compiling Attitude.c...
compiling Math_User.c...
compiling SysState.c...
compiling Target.cpp...
compiling I2C_Soft.cpp...
compiling Filter.cpp...
compiling PID.cpp...
compiling Time.c...
compiling Led.c...
compiling Motor.c...
compiling MPU6050.c...
compiling SBUS.c...
compiling NRF24L01.c...
compiling Battery.c...
compiling ADS1118.c...
compiling GPS.c...
compiling HMC5883.c...
compiling Buzzer.c...
compiling Ultra.c...
compiling USART.c...
compiling MS5611_SPI.c...
assembling startup_stm32f40xx.s...
compiling system_stm32f4xx.c...
compiling stm32f4xx_it.c...
compiling misc.c...
compiling stm32f4xx_gpio.c...
compiling stm32f4xx_tim.c...
compiling stm32f4xx_usart.c...
compiling stm32f4xx_rcc.c...
compiling stm32f4xx_adc.c...
compiling stm32f4xx_dma.c...
compiling stm32f4xx_spi.c...
compiling stm32f4xx_exti.c...
compiling stm32f4xx_syscfg.c...
compiling stm32f4xx_flash.c...
compiling arm_common_tables.c...
compiling arm_sin_f32.c...
compiling arm_cos_f32.c...
linking...
Program Size: Code=49686 RO-data=3170 RW-data=1588 ZI-data=3948  
FromELF: creating hex file...
".\Browse\Pro.axf" - 0 Error(s), 1 Warning(s).

<h2>Collection of Component include folders:</h2>
  C:\Users\LQ\Desktop\asd\Project\RTE
  C:\Keil_v5\ARM\PACK\Keil\STM32F4xx_DFP\2.5.0

<h2>Collection of Component Files used:</h2>
</pre>
</body>
</html>
