Component: ARM Compiler 5.05 update 1 (build 106) Tool: armlink [4d0efa]

==============================================================================

Section Cross References

    main.o(i.__sti___6_main_c_TG_50HZ) refers to main.o(i._ZN7Target_C1EPFvtEi) for Target_::Target_(void(*)(unsigned short), int)
    main.o(i.__sti___6_main_c_TG_50HZ) refers to scheduler.o(.data) for Scheduler
    main.o(i.__sti___6_main_c_TG_50HZ) refers to main.o(.bss) for TG_50HZ
    main.o(i.main) refers to misc.o(i.NVIC_PriorityGroupConfig) for NVIC_PriorityGroupConfig
    main.o(i.main) refers to time.o(.data) for SystemTime
    main.o(i.main) refers to led.o(.data) for Led
    main.o(i.main) refers to usart.o(.data) for USART
    main.o(i.main) refers to battery.o(.data) for Power
    main.o(i.main) refers to sbus.o(.data) for SBUS
    main.o(i.main) refers to mpu6050.o(.data) for MPU6050
    main.o(i.main) refers to nrf24l01.o(.data) for NRF24L01
    main.o(i.main) refers to motor.o(.data) for Motor
    main.o(i.main) refers to hmc5883.o(.data) for HMC5883
    main.o(i.main) refers to posotion.o(.data) for Position
    main.o(i.main) refers to buzzer.o(.data) for Buzzer
    main.o(.ARM.exidx) refers to main.o(i.main) for i.main
    main.o(.ARM.exidx) refers to main.o(i.__sti___6_main_c_TG_50HZ) for i.__sti___6_main_c_TG_50HZ
    main.o(.init_array) refers to main.o(i.__sti___6_main_c_TG_50HZ) for __sti___6_main_c_TG_50HZ
    main.o(.init_array) refers to init_aeabi.o(.text) for __cpp_initialize__aeabi_
    scheduler.o(i._Z10Loop_200Hzt) refers to sbus.o(.data) for SBUS
    scheduler.o(i._Z10Loop_200Hzt) refers to hmc5883.o(.data) for HMC5883
    scheduler.o(i._Z10Loop_200Hzt) refers to flycontrol.o(.data) for FlyControl
    scheduler.o(i._Z10Loop_500Hzt) refers to mpu6050.o(.data) for MPU6050
    scheduler.o(i._Z10Loop_500Hzt) refers to attitude.o(.data) for Attitude
    scheduler.o(i._Z10Loop_500Hzt) refers to posotion.o(.data) for Position
    scheduler.o(i._Z10Loop_500Hzt) refers to flycontrol.o(.data) for FlyControl
    scheduler.o(i._Z9Loop_50Hzt) refers to sysstate.o(.data) for SystemState
    scheduler.o(i._Z9Loop_50Hzt) refers to communication.o(.data) for Communication
    scheduler.o(i._Z9Loop_50Hzt) refers to flycontrol.o(.data) for FlyControl
    scheduler.o(i._Z9Loop_50Hzt) refers to battery.o(.data) for Power
    scheduler.o(i._Z9Loop_50Hzt) refers to ms5611_spi.o(.data) for MS5611_SPI
    scheduler.o(i._Z9Loop_50Hzt) refers to gps.o(.data) for GPS
    scheduler.o(.ARM.exidx) refers to scheduler.o(i._Z11Loop_1000Hzt) for i._Z11Loop_1000Hzt
    scheduler.o(.ARM.exidx) refers to scheduler.o(i._Z10Loop_500Hzt) for i._Z10Loop_500Hzt
    scheduler.o(.ARM.exidx) refers to scheduler.o(i._Z10Loop_200Hzt) for i._Z10Loop_200Hzt
    scheduler.o(.ARM.exidx) refers to scheduler.o(i._Z9Loop_50Hzt) for i._Z9Loop_50Hzt
    scheduler.o(.data) refers to scheduler.o(i._Z11Loop_1000Hzt) for Loop_1000Hz(unsigned short)
    scheduler.o(.data) refers to scheduler.o(i._Z10Loop_500Hzt) for Loop_500Hz(unsigned short)
    scheduler.o(.data) refers to scheduler.o(i._Z10Loop_200Hzt) for Loop_200Hz(unsigned short)
    scheduler.o(.data) refers to scheduler.o(i._Z9Loop_50Hzt) for Loop_50Hz(unsigned short)
    communication.o(i._Z10Send_RC_PCv) refers to nrf24l01.o(.data) for NRF24L01
    communication.o(i._Z10Send_RC_PCv) refers to sbus.o(.data) for SBUS
    communication.o(i._Z11Communicatev) refers to communication.o(i._Z14Send_Data_MCU2v) for Send_Data_MCU2()
    communication.o(i._Z11Communicatev) refers to communication.o(i._Z12Send_Data_PCv) for Send_Data_PC()
    communication.o(i._Z11Communicatev) refers to communication.o(i._Z16Data_Analysis_PCv) for Data_Analysis_PC()
    communication.o(i._Z11Communicatev) refers to communication.o(i._Z18Data_Analysis_MCU2v) for Data_Analysis_MCU2()
    communication.o(i._Z12Send_Data_PCv) refers to communication.o(i._Z13Send_Eular_PCv) for Send_Eular_PC()
    communication.o(i._Z12Send_Data_PCv) refers to communication.o(i._Z14Send_Senser_PCv) for Send_Senser_PC()
    communication.o(i._Z12Send_Data_PCv) refers to communication.o(i._Z10Send_RC_PCv) for Send_RC_PC()
    communication.o(i._Z12Send_Data_PCv) refers to communication.o(i._Z13Send_Motor_PCv) for Send_Motor_PC()
    communication.o(i._Z12Send_Data_PCv) refers to communication.o(i._Z16Send_UserData_PCv) for Send_UserData_PC()
    communication.o(i._Z12Send_Data_PCv) refers to communication.o(.data) for Cnt
    communication.o(i._Z12Send_RC_MCU2v) refers to usart.o(.data) for USART
    communication.o(i._Z12Send_RC_MCU2v) refers to sbus.o(.data) for SBUS
    communication.o(i._Z13Send_Eular_PCv) refers to nrf24l01.o(.data) for NRF24L01
    communication.o(i._Z13Send_Eular_PCv) refers to attitude.o(.data) for Attitude
    communication.o(i._Z13Send_Eular_PCv) refers to posotion.o(.data) for Position
    communication.o(i._Z13Send_Eular_PCv) refers to mpu6050.o(.data) for MPU6050
[...]
    TIM1_CC_IRQHandler                       0x08000287   Thumb Code     0  startup_stm32f40xx.o(.text)
    TIM1_TRG_COM_TIM11_IRQHandler            0x08000287   Thumb Code     0  startup_stm32f40xx.o(.text)
    TIM1_UP_TIM10_IRQHandler                 0x08000287   Thumb Code     0  startup_stm32f40xx.o(.text)
    TIM2_IRQHandler                          0x08000287   Thumb Code     0  startup_stm32f40xx.o(.text)
    TIM3_IRQHandler                          0x08000287   Thumb Code     0  startup_stm32f40xx.o(.text)
    TIM4_IRQHandler                          0x08000287   Thumb Code     0  startup_stm32f40xx.o(.text)
    TIM5_IRQHandler                          0x08000287   Thumb Code     0  startup_stm32f40xx.o(.text)
    TIM6_DAC_IRQHandler                      0x08000287   Thumb Code     0  startup_stm32f40xx.o(.text)
    TIM7_IRQHandler                          0x08000287   Thumb Code     0  startup_stm32f40xx.o(.text)
    TIM8_BRK_TIM12_IRQHandler                0x08000287   Thumb Code     0  startup_stm32f40xx.o(.text)
    TIM8_CC_IRQHandler                       0x08000287   Thumb Code     0  startup_stm32f40xx.o(.text)
    TIM8_TRG_COM_TIM14_IRQHandler            0x08000287   Thumb Code     0  startup_stm32f40xx.o(.text)
    TIM8_UP_TIM13_IRQHandler                 0x08000287   Thumb Code     0  startup_stm32f40xx.o(.text)
    UART4_IRQHandler                         0x08000287   Thumb Code     0  startup_stm32f40xx.o(.text)
    UART5_IRQHandler                         0x08000287   Thumb Code     0  startup_stm32f40xx.o(.text)
    USART6_IRQHandler                        0x08000287   Thumb Code     0  startup_stm32f40xx.o(.text)
    WWDG_IRQHandler                          0x08000287   Thumb Code     0  startup_stm32f40xx.o(.text)
    __user_initial_stackheap                 0x08000289   Thumb Code     0  startup_stm32f40xx.o(.text)
    __aeabi_ldivmod                          0x080002ad   Thumb Code     0  llsdiv.o(.text)
    _ll_sdiv                                 0x080002ad   Thumb Code    72  llsdiv.o(.text)
    __use_two_region_memory                  0x080002f5   Thumb Code     2  heapauxi.o(.text)
    __rt_heap_escrow                         0x080002f7   Thumb Code     2  heapauxi.o(.text)
    __rt_heap_expand                         0x080002f9   Thumb Code     2  heapauxi.o(.text)
    __cpp_initialize__aeabi_                 0x080002fd   Thumb Code    26  init_aeabi.o(.text)
    __aeabi_uldivmod                         0x08000321   Thumb Code     0  lludivv7m.o(.text)
    _ll_udiv                                 0x08000321   Thumb Code   238  lludivv7m.o(.text)
    __read_errno                             0x0800040f   Thumb Code    10  _rserrno.o(.text)
    __set_errno                              0x08000419   Thumb Code    12  _rserrno.o(.text)
    __aeabi_errno_addr                       0x08000425   Thumb Code     8  rt_errno_addr_intlibspace.o(.text)
    __errno$intlibspace                      0x08000425   Thumb Code     0  rt_errno_addr_intlibspace.o(.text)
    __rt_errno_addr$intlibspace              0x08000425   Thumb Code     0  rt_errno_addr_intlibspace.o(.text)
    __user_libspace                          0x0800042d   Thumb Code     8  libspace.o(.text)
    __user_perproc_libspace                  0x0800042d   Thumb Code     0  libspace.o(.text)
    __user_perthread_libspace                0x0800042d   Thumb Code     0  libspace.o(.text)
    __user_setup_stackheap                   0x08000435   Thumb Code    74  sys_stackheap_outer.o(.text)
    exit                                     0x0800047f   Thumb Code    12  exit.o(.text)
    _sys_exit                                0x0800048d   Thumb Code     8  sys_exit.o(.text)
    __I$use$semihosting                      0x08000499   Thumb Code     0  use_no_semi.o(.text)
    __use_no_semihosting_swi                 0x08000499   Thumb Code     2  use_no_semi.o(.text)
    ADC_Cmd                                  0x0800049b   Thumb Code    22  stm32f4xx_adc.o(i.ADC_Cmd)
    __semihosting_library_function           0x0800049b   Thumb Code     0  indicate_semi.o(.text)
    ADC_CommonInit                           0x080004b1   Thumb Code    34  stm32f4xx_adc.o(i.ADC_CommonInit)
    ADC_DMACmd                               0x080004e1   Thumb Code    22  stm32f4xx_adc.o(i.ADC_DMACmd)
    ADC_DMARequestAfterLastTransferCmd       0x080004f7   Thumb Code    22  stm32f4xx_adc.o(i.ADC_DMARequestAfterLastTransferCmd)
    ADC_Init                                 0x0800050d   Thumb Code    74  stm32f4xx_adc.o(i.ADC_Init)
    ADC_RegularChannelConfig                 0x08000561   Thumb Code   184  stm32f4xx_adc.o(i.ADC_RegularChannelConfig)
    ADC_SoftwareStartConv                    0x08000619   Thumb Code    10  stm32f4xx_adc.o(i.ADC_SoftwareStartConv)
    BusFault_Handler                         0x08000623   Thumb Code     4  stm32f4xx_it.o(i.BusFault_Handler)
    DMA_Cmd                                  0x08000627   Thumb Code    22  stm32f4xx_dma.o(i.DMA_Cmd)
    DMA_Init                                 0x0800063d   Thumb Code    82  stm32f4xx_dma.o(i.DMA_Init)
    DebugMon_Handler                         0x08000695   Thumb Code     2  stm32f4xx_it.o(i.DebugMon_Handler)
    EXTI4_IRQHandler                         0x08000699   Thumb Code   252  nrf24l01.o(i.EXTI4_IRQHandler)
    EXTI_ClearITPendingBit                   0x080007b1   Thumb Code     6  stm32f4xx_exti.o(i.EXTI_ClearITPendingBit)
    EXTI_GetITStatus                         0x080007bd   Thumb Code    20  stm32f4xx_exti.o(i.EXTI_GetITStatus)
    EXTI_Init                                0x080007d5   Thumb Code   142  stm32f4xx_exti.o(i.EXTI_Init)
    FLASH_ClearFlag                          0x08000869   Thumb Code     6  stm32f4xx_flash.o(i.FLASH_ClearFlag)
    FLASH_EraseSector                        0x08000875   Thumb Code   130  stm32f4xx_flash.o(i.FLASH_EraseSector)
    FLASH_GetStatus                          0x080008fd   Thumb Code    80  stm32f4xx_flash.o(i.FLASH_GetStatus)
    FLASH_Lock                               0x08000951   Thumb Code    14  stm32f4xx_flash.o(i.FLASH_Lock)
    FLASH_ProgramWord                        0x08000965   Thumb Code    74  stm32f4xx_flash.o(i.FLASH_ProgramWord)
    FLASH_Unlock                             0x080009b5   Thumb Code    24  stm32f4xx_flash.o(i.FLASH_Unlock)
    FLASH_WaitForLastOperation               0x080009d9   Thumb Code    34  stm32f4xx_flash.o(i.FLASH_WaitForLastOperation)
    GPIO_Init                                0x080009fb   Thumb Code   144  stm32f4xx_gpio.o(i.GPIO_Init)
    GPIO_PinAFConfig                         0x08000a8b   Thumb Code    70  stm32f4xx_gpio.o(i.GPIO_PinAFConfig)
    GPIO_ResetBits                           0x08000ad1   Thumb Code     4  stm32f4xx_gpio.o(i.GPIO_ResetBits)
    GPIO_SetBits                             0x08000ad5   Thumb Code     4  stm32f4xx_gpio.o(i.GPIO_SetBits)
    HardFault_Handler                        0x08000ad9   Thumb Code     4  stm32f4xx_it.o(i.HardFault_Handler)
    MemManage_Handler                        0x08000add   Thumb Code     4  stm32f4xx_it.o(i.MemManage_Handler)
    NMI_Handler                              0x08000ae1   Thumb Code     2  stm32f4xx_it.o(i.NMI_Handler)
    NVIC_Init                                0x08000ae5   Thumb Code   106  misc.o(i.NVIC_Init)
    NVIC_PriorityGroupConfig                 0x08000b5d   Thumb Code    10  misc.o(i.NVIC_PriorityGroupConfig)
    PendSV_Handler                           0x08000b71   Thumb Code     2  stm32f4xx_it.o(i.PendSV_Handler)
    RCC_AHB1PeriphClockCmd                   0x08000b75   Thumb Code    26  stm32f4xx_rcc.o(i.RCC_AHB1PeriphClockCmd)
    RCC_APB1PeriphClockCmd                   0x08000b95   Thumb Code    26  stm32f4xx_rcc.o(i.RCC_APB1PeriphClockCmd)
    RCC_APB2PeriphClockCmd                   0x08000bb5   Thumb Code    26  stm32f4xx_rcc.o(i.RCC_APB2PeriphClockCmd)
    RCC_GetClocksFreq                        0x08000bd5   Thumb Code   214  stm32f4xx_rcc.o(i.RCC_GetClocksFreq)
    SPI_Cmd                                  0x08000cb9   Thumb Code    24  stm32f4xx_spi.o(i.SPI_Cmd)
    SPI_I2S_GetFlagStatus                    0x08000cd1   Thumb Code    18  stm32f4xx_spi.o(i.SPI_I2S_GetFlagStatus)
    SPI_I2S_ReceiveData                      0x08000ce3   Thumb Code     6  stm32f4xx_spi.o(i.SPI_I2S_ReceiveData)
    SPI_I2S_SendData                         0x08000ce9   Thumb Code     4  stm32f4xx_spi.o(i.SPI_I2S_SendData)
    SPI_Init                                 0x08000ced   Thumb Code    60  stm32f4xx_spi.o(i.SPI_Init)
    SVC_Handler                              0x08000d29   Thumb Code     2  stm32f4xx_it.o(i.SVC_Handler)
    SYSCFG_EXTILineConfig                    0x08000d2d   Thumb Code    60  stm32f4xx_syscfg.o(i.SYSCFG_EXTILineConfig)
    SysTick_Handler                          0x08000d6d   Thumb Code    20  time.o(i.SysTick_Handler)
    SystemInit                               0x08000d85   Thumb Code    88  system_stm32f4xx.o(i.SystemInit)
    TIM_ARRPreloadConfig                     0x08000ded   Thumb Code    24  stm32f4xx_tim.o(i.TIM_ARRPreloadConfig)
    TIM_Cmd                                  0x08000e05   Thumb Code    24  stm32f4xx_tim.o(i.TIM_Cmd)
    TIM_OC1Init                              0x08000e1d   Thumb Code   114  stm32f4xx_tim.o(i.TIM_OC1Init)
    TIM_OC1PreloadConfig                     0x08000e99   Thumb Code    18  stm32f4xx_tim.o(i.TIM_OC1PreloadConfig)
    TIM_OC2Init                              0x08000ead   Thumb Code   154  stm32f4xx_tim.o(i.TIM_OC2Init)
    TIM_OC2PreloadConfig                     0x08000f51   Thumb Code    26  stm32f4xx_tim.o(i.TIM_OC2PreloadConfig)
    TIM_OC3Init                              0x08000f6d   Thumb Code   150  stm32f4xx_tim.o(i.TIM_OC3Init)
    TIM_OC3PreloadConfig                     0x0800100d   Thumb Code    18  stm32f4xx_tim.o(i.TIM_OC3PreloadConfig)
    TIM_SetCompare1                          0x0800101f   Thumb Code     4  stm32f4xx_tim.o(i.TIM_SetCompare1)
    TIM_SetCompare2                          0x08001023   Thumb Code     4  stm32f4xx_tim.o(i.TIM_SetCompare2)
    TIM_SetCompare3                          0x08001027   Thumb Code     4  stm32f4xx_tim.o(i.TIM_SetCompare3)
    TIM_TimeBaseInit                         0x0800102d   Thumb Code   104  stm32f4xx_tim.o(i.TIM_TimeBaseInit)
    USART1_IRQHandler                        0x080010b1   Thumb Code   184  gps.o(i.USART1_IRQHandler)
    USART2_IRQHandler                        0x0800118d   Thumb Code   162  sbus.o(i.USART2_IRQHandler)
    USART3_IRQHandler                        0x08001251   Thumb Code   210  usart.o(i.USART3_IRQHandler)
    USART_Cmd                                0x08001349   Thumb Code    24  stm32f4xx_usart.o(i.USART_Cmd)
    USART_GetFlagStatus                      0x08001361   Thumb Code    26  stm32f4xx_usart.o(i.USART_GetFlagStatus)
    USART_GetITStatus                        0x0800137b   Thumb Code    84  stm32f4xx_usart.o(i.USART_GetITStatus)
    USART_ITConfig                           0x080013cf   Thumb Code    74  stm32f4xx_usart.o(i.USART_ITConfig)
    USART_Init                               0x08001419   Thumb Code   204  stm32f4xx_usart.o(i.USART_Init)
    USART_ReceiveData                        0x080014ed   Thumb Code    10  stm32f4xx_usart.o(i.USART_ReceiveData)
    USART_SendData                           0x080014f7   Thumb Code     8  stm32f4xx_usart.o(i.USART_SendData)
    UsageFault_Handler                       0x080014ff   Thumb Code     4  stm32f4xx_it.o(i.UsageFault_Handler)
    ADC_Updata()                             0x08001505   Thumb Code   424  battery.o(i._Z10ADC_Updatav)
    Buzzer_Off()                             0x080016c9   Thumb Code    14  buzzer.o(i._Z10Buzzer_Offv)
    GPS_Updata()                             0x080016dd   Thumb Code    16  gps.o(i._Z10GPS_Updatav)
    Loop_200Hz(unsigned short)               0x080016f1   Thumb Code    34  scheduler.o(i._Z10Loop_200Hzt)
    Loop_500Hz(unsigned short)               0x08001721   Thumb Code    34  scheduler.o(i._Z10Loop_500Hzt)
    Motor_Hold()                             0x08001755   Thumb Code    64  motor.o(i._Z10Motor_Holdv)
    Motor_Init()                             0x0800179d   Thumb Code   496  motor.o(i._Z10Motor_Initv)
    Motor_Stop()                             0x080019a9   Thumb Code    80  motor.o(i._Z10Motor_Stopv)
    Read_Flash(unsigned short)               0x08001a05   Thumb Code    28  mpu6050.o(i._Z10Read_Flasht)
    Send_RC_PC()                             0x08001a29   Thumb Code   594  communication.o(i._Z10Send_RC_PCv)
    TimeNow_MS()                             0x08001c85   Thumb Code     8  time.o(i._Z10TimeNow_MSv)
    TimeNow_US()                             0x08001c91   Thumb Code   152  time.o(i._Z10TimeNow_USv)
    Ultra_Init()                             0x08001d31   Thumb Code    10  ultra.o(i._Z10Ultra_Initv)
    Buzzer_Init()                            0x08001d41   Thumb Code    56  buzzer.o(i._Z11Buzzer_Initv)
    Communicate()                            0x08001d7d   Thumb Code    22  communication.o(i._Z11Communicatev)
    LED_Reverse(unsigned short, unsigned)    0x08001d95   Thumb Code    82  led.o(i._Z11LED_Reversetj)
    Loop_1000Hz(unsigned short)              0x08001df9   Thumb Code     2  scheduler.o(i._Z11Loop_1000Hzt)
    SBUS_Updata()                            0x08001dfb   Thumb Code     8  sbus.o(i._Z11SBUS_Updatav)
    Time_WaitMS(unsigned)                    0x08001ef1   Thumb Code    24  time.o(i._Z11Time_WaitMSj)
    Time_WaitUS(unsigned)                    0x08001f09   Thumb Code    28  time.o(i._Z11Time_WaitUSj)
    Write_Flash()                            0x08001f25   Thumb Code   260  mpu6050.o(i._Z11Write_Flashv)
    ADC_DMA_Init()                           0x08002035   Thumb Code    90  battery.o(i._Z12ADC_DMA_Initv)
    ADS1118_Init()                           0x0800209d   Thumb Code   122  ads1118.o(i._Z12ADS1118_Initv)
    HMC5883_Init()                           0x0800211d   Thumb Code    54  hmc5883.o(i._Z12HMC5883_Initv)
    MPU6050_Init()                           0x0800215d   Thumb Code   114  mpu6050.o(i._Z12MPU6050_Initv)
    Motor_Output(BOOL)                       0x080021fd   Thumb Code   700  motor.o(i._Z12Motor_Output4BOOL)
    SBUS_Receive()                           0x080024e1   Thumb Code   216  sbus.o(i._Z12SBUS_Receivev)
    SW_POS_Judge(unsigned short)             0x080025dd   Thumb Code    28  sbus.o(i._Z12SW_POS_Judget)
    Send_Data_PC()                           0x080025f9   Thumb Code    74  communication.o(i._Z12Send_Data_PCv)
    Send_RC_MCU2()                           0x08002649   Thumb Code   572  communication.o(i._Z12Send_RC_MCU2v)
    Sensor_State()                           0x0800288d   Thumb Code     2  sysstate.o(i._Z12Sensor_Statev)
    State_Updata(unsigned short)             0x0800288f   Thumb Code    28  sysstate.o(i._Z12State_Updatat)
    Ultra_Updata()                           0x080028ad   Thumb Code   260  ultra.o(i._Z12Ultra_Updatav)
    Updata_Eular()                           0x080029dd   Thumb Code   124  attitude.o(i._Z12Updata_Eularv)
    ADC_GOIO_Init()                          0x08002a9d   Thumb Code   128  battery.o(i._Z13ADC_GOIO_Initv)
    Body_To_Earth(Vector, float, float)      0x08002b29   Thumb Code   238  math_user.o(i._Z13Body_To_Earth6Vectorff)
    MS5611_SPI_RW(unsigned char)             0x08002c41   Thumb Code    50  ms5611_spi.o(i._Z13MS5611_SPI_RWh)
    NRF24L01_Init(NRF_State)                 0x08003001   Thumb Code   210  nrf24l01.o(i._Z13NRF24L01_Init9NRF_State)
    Position_Init()                          0x080030e1   Thumb Code    16  posotion.o(i._Z13Position_Initv)
    Send_Eular_PC()                          0x080030f9   Thumb Code   478  communication.o(i._Z13Send_Eular_PCv)
    Send_Motor_PC()                          0x080032ed   Thumb Code   510  communication.o(i._Z13Send_Motor_PCv)
    Send_Reply_PC(unsigned short, unsigned char) 0x080034f5   Thumb Code   126  communication.o(i._Z13Send_Reply_PCth)
    USART_Receive()                          0x08003579   Thumb Code    16  usart.o(i._Z13USART_Receivev)
    ADS1118_RW_REG(unsigned short)           0x0800358d   Thumb Code    72  ads1118.o(i._Z14ADS1118_RW_REGt)
    ADS1118_SPI_RW(unsigned char)            0x080035d9   Thumb Code    50  ads1118.o(i._Z14ADS1118_SPI_RWh)
    ADS1118_Updata(unsigned char)            0x08003611   Thumb Code   328  ads1118.o(i._Z14ADS1118_Updatah)
    ATT_Inner_Loop(unsigned)                 0x08003771   Thumb Code   766  flycontrol.o(i._Z14ATT_Inner_Loopj)
    ATT_Outer_Loop(unsigned)                 0x08003a99   Thumb Code   958  flycontrol.o(i._Z14ATT_Outer_Loopj)
    HMC5883_Updata()                         0x08003ea1   Thumb Code   546  hmc5883.o(i._Z14HMC5883_Updatav)
    MPU6050_Updata()                         0x080040e1   Thumb Code    16  mpu6050.o(i._Z14MPU6050_Updatav)
    POS_Inner_Loop(unsigned)                 0x080040f1   Thumb Code   748  flycontrol.o(i._Z14POS_Inner_Loopj)
    POS_Outer_Loop(unsigned)                 0x08004431   Thumb Code  1176  flycontrol.o(i._Z14POS_Outer_Loopj)
    Send_Data_MCU2()                         0x080048cd   Thumb Code    72  communication.o(i._Z14Send_Data_MCU2v)
    Send_Senser_PC()                         0x08004919   Thumb Code   654  communication.o(i._Z14Send_Senser_PCv)
    USART_Init_GPS(unsigned)                 0x08004bb5   Thumb Code   180  gps.o(i._Z14USART_Init_GPSj)
    USART_SendChar()                         0x08004c71   Thumb Code    28  usart.o(i._Z14USART_SendCharv)
    ACC_Fuse_Updata(unsigned short, float)   0x08004c95   Thumb Code   192  posotion.o(i._Z15ACC_Fuse_Updatatf)
    MS5611_SPI_Init()                        0x08004d75   Thumb Code    86  ms5611_spi.o(i._Z15MS5611_SPI_Initv)
    NRF24L01_SPI_RW(unsigned char)           0x08004dd1   Thumb Code    50  nrf24l01.o(i._Z15NRF24L01_SPI_RWh)
    Position_Updata(unsigned short)          0x08004e09   Thumb Code   320  posotion.o(i._Z15Position_Updatat)
    Send_Eular_MCU2()                        0x08004f7d   Thumb Code   740  communication.o(i._Z15Send_Eular_MCU2v)
    USART_Init_User(unsigned)                0x08005275   Thumb Code   178  usart.o(i._Z15USART_Init_Userj)
    ADS1118_SPI_Init()                       0x08005331   Thumb Code    86  ads1118.o(i._Z16ADS1118_SPI_Initv)
    Controller_State(unsigned short)         0x0800538d   Thumb Code   304  sysstate.o(i._Z16Controller_Statet)
    Data_Analysis_PC()                       0x080054dd   Thumb Code  2334  communication.o(i._Z16Data_Analysis_PCv)
    MPU6050_Read_ACC()                       0x08005e05   Thumb Code   288  mpu6050.o(i._Z16MPU6050_Read_ACCv)
    MPU6050_Read_GYR()                       0x08005f31   Thumb Code   288  mpu6050.o(i._Z16MPU6050_Read_GYRv)
    MS5611_GPIO_Init()                       0x0800605d   Thumb Code   126  ms5611_spi.o(i._Z16MS5611_GPIO_Initv)
    NRF24L01_GetData()                       0x08006131   Thumb Code    14  nrf24l01.o(i._Z16NRF24L01_GetDatav)
    NRF24L01_ReadBuf(unsigned char, unsigned char*, unsigned char) 0x08006145   Thumb Code    56  nrf24l01.o(i._Z16NRF24L01_ReadBufhPhh)
    NRF24L01_ReadReg(unsigned char)          0x08006181   Thumb Code    34  nrf24l01.o(i._Z16NRF24L01_ReadRegh)
    Send_PID_Para_PC(unsigned char)          0x080061a9   Thumb Code  1198  communication.o(i._Z16Send_PID_Para_PCh)
    Send_UserData_PC()                       0x0800665d   Thumb Code   480  communication.o(i._Z16Send_UserData_PCv)
    USART_Free_RXBUF()                       0x08006845   Thumb Code     8  usart.o(i._Z16USART_Free_RXBUFv)
    ADS1118_GPIO_Init()                      0x08006851   Thumb Code   124  ads1118.o(i._Z17ADS1118_GPIO_Initv)
    ADS1118_Read_Data(unsigned short)        0x080068d5   Thumb Code    52  ads1118.o(i._Z17ADS1118_Read_Datat)
    MPU6050_Calibrate()                      0x0800690d   Thumb Code   480  mpu6050.o(i._Z17MPU6050_Calibratev)
    MPU6050_Para_Read()                      0x08006b15   Thumb Code   110  mpu6050.o(i._Z17MPU6050_Para_Readv)
    MPU6050_Para_Save()                      0x08006b8d   Thumb Code    16  mpu6050.o(i._Z17MPU6050_Para_Savev)
    NRF24L01_IRQ_Init()                      0x08006be1   Thumb Code    78  nrf24l01.o(i._Z17NRF24L01_IRQ_Initv)
    NRF24L01_SPI_Init()                      0x08006c31   Thumb Code    86  nrf24l01.o(i._Z17NRF24L01_SPI_Initv)
    NRF24L01_SendData()                      0x08006c8d   Thumb Code    58  nrf24l01.o(i._Z17NRF24L01_SendDatav)
    NRF24L01_WriteBuf(unsigned char, unsigned char*, unsigned char) 0x08006cdd   Thumb Code    54  nrf24l01.o(i._Z17NRF24L01_WriteBufhPhh)
    NRF24L01_WriteReg(unsigned char, unsigned char) 0x08006d19   Thumb Code    36  nrf24l01.o(i._Z17NRF24L01_WriteReghh)
    Ultra_Fuse_Updata(unsigned short, float) 0x08006d41   Thumb Code   320  posotion.o(i._Z17Ultra_Fuse_Updatatf)
    Updata_Quaternion(Vector, Vector, Vector, double) 0x08006ec1   Thumb Code  2424  attitude.o(i._Z17Updata_Quaternion6VectorS_S_d)
    Data_Analysis_MCU2()                     0x08007841   Thumb Code   282  communication.o(i._Z18Data_Analysis_MCU2v)
    MS5611_Fuse_Updata(unsigned short, float) 0x08007969   Thumb Code   178  posotion.o(i._Z18MS5611_Fuse_Updatatf)
    NRF24L01_GPIO_Init()                     0x08007a8d   Thumb Code   184  nrf24l01.o(i._Z18NRF24L01_GPIO_Initv)
    NRF24L01_Free_RXBUF()                    0x08007b71   Thumb Code     8  nrf24l01.o(i._Z19NRF24L01_Free_RXBUFv)
    USART_Request_TXBUF()                    0x08007b7d   Thumb Code    38  usart.o(i._Z19USART_Request_TXBUFv)
    Send_Motor_State_MCU2()                  0x08007bfd   Thumb Code   608  communication.o(i._Z21Send_Motor_State_MCU2v)
    NRF24L01_Request_ACKBUF(unsigned char)   0x08007e71   Thumb Code    22  nrf24l01.o(i._Z23NRF24L01_Request_ACKBUFh)
    Send_Battery_MS5611_MCU2()               0x08007e8d   Thumb Code   708  communication.o(i._Z24Send_Battery_MS5611_MCU2v)
    LED_On(unsigned short)                   0x08008165   Thumb Code    60  led.o(i._Z6LED_Ont)
    Degrees(float)                           0x080081a9   Thumb Code    14  math_user.o(i._Z7Degreesf)
    LED_Off(unsigned short)                  0x080081bd   Thumb Code    48  led.o(i._Z7LED_Offt)
    Radians(float)                           0x080081f5   Thumb Code    14  math_user.o(i._Z7Radiansf)
    ADC_Init()                               0x08008209   Thumb Code   168  battery.o(i._Z8ADC_Initv)
    GPS_Init()                               0x080082b9   Thumb Code    12  gps.o(i._Z8GPS_Initv)
    LED_Init()                               0x080082c5   Thumb Code    50  led.o(i._Z8LED_Initv)
    RC_State(unsigned short)                 0x080082fd   Thumb Code   104  sysstate.o(i._Z8RC_Statet)
    Buzzer_On(unsigned short)                0x08008371   Thumb Code    40  buzzer.o(i._Z9Buzzer_Ont)
    Constrain(double, double, double)        0x080083a5   Thumb Code    92  math_user.o(i._Z9Constrainddd)
    Dead_Zone(int, int)                      0x08008401   Thumb Code    40  math_user.o(i._Z9Dead_Zoneii)
    Loop_50Hz(unsigned short)                0x08008429   Thumb Code    46  scheduler.o(i._Z9Loop_50Hzt)
    Pow_State(unsigned short)                0x08008471   Thumb Code   418  sysstate.o(i._Z9Pow_Statet)
    SBUS_Init()                              0x0800862d   Thumb Code   222  sbus.o(i._Z9SBUS_Initv)
    Safe_Asin(float)                         0x0800871d   Thumb Code    86  math_user.o(i._Z9Safe_Asinf)
    Time_Init()                              0x08008781   Thumb Code    98  time.o(i._Z9Time_Initv)
    Filter_2nd::LPF2ndFilter(Vector)         0x080087f5   Thumb Code   268  filter.o(i._ZN10Filter_2nd12LPF2ndFilterE6Vector)
    Filter_2nd::LPF2ndFilter(float)          0x08008901   Thumb Code    90  filter.o(i._ZN10Filter_2nd12LPF2ndFilterEf)
    Filter_2nd::Filter_2nd(float, float, float, float, float) 0x0800895d   Thumb Code   176  filter.o(i._ZN10Filter_2ndC1Efffff)
    Filter_2nd::Filter_2nd__sub_object(float, float, float, float, float) 0x0800895d   Thumb Code     0  filter.o(i._ZN10Filter_2ndC1Efffff)
    Filter_Balance::BalanceFilter(float, float, double) 0x08008a11   Thumb Code   164  filter.o(i._ZN14Filter_Balance13BalanceFilterEffd)
    Filter_Balance::Filter_Balance(float, float, float) 0x08008ab5   Thumb Code    22  posotion.o(i._ZN14Filter_BalanceC1Efff)
    Filter_Balance::Filter_Balance__sub_object(float, float, float) 0x08008ab5   Thumb Code     0  posotion.o(i._ZN14Filter_BalanceC1Efff)
    Filter_MidValue::Bubble(float*)          0x08008ad1   Thumb Code   206  filter.o(i._ZN15Filter_MidValue6BubbleEPf)
    Filter_MidValue::MidValue(Vector)        0x08008b9f   Thumb Code   170  filter.o(i._ZN15Filter_MidValue8MidValueE6Vector)
    Filter_MidValue::MidValue(float)         0x08008c49   Thumb Code    70  filter.o(i._ZN15Filter_MidValue8MidValueEf)
    PID::Cal_PID_POS(int)                    0x08008c91   Thumb Code   616  pid.o(i._ZN3PID11Cal_PID_POSEi)
    PID::Rst()                               0x08008f09   Thumb Code    42  pid.o(i._ZN3PID3RstEv)
    PID::PID(float, float, float, float)     0x08008f3d   Thumb Code   120  pid.o(i._ZN3PIDC1Effff)
    PID::PID__sub_object(float, float, float, float) 0x08008f3d   Thumb Code     0  pid.o(i._ZN3PIDC1Effff)
    PID::PID()                               0x08008fbd   Thumb Code    66  pid.o(i._ZN3PIDC1Ev)
    PID::PID__sub_object()                   0x08008fbd   Thumb Code     0  pid.o(i._ZN3PIDC1Ev)
    Vector::Vector(float, float, float)      0x08009009   Thumb Code    14  hmc5883.o(i._ZN6VectorC1Efff)
    Vector::Vector__sub_object(float, float, float) 0x08009009   Thumb Code     0  hmc5883.o(i._ZN6VectorC1Efff)
    Vector::Vector()                         0x08009019   Thumb Code    26  attitude.o(i._ZN6VectorC1Ev)
    Vector::Vector__sub_object()             0x08009019   Thumb Code     0  attitude.o(i._ZN6VectorC1Ev)
    Target_::Target_(void(*)(unsigned short), int) 0x08009039   Thumb Code    26  main.o(i._ZN7Target_C1EPFvtEi)
    Target_::Target___sub_object(void(*)(unsigned short), int) 0x08009039   Thumb Code     0  main.o(i._ZN7Target_C1EPFvtEi)
    I2C_Soft_::Single_Read(unsigned char, unsigned char) 0x08009053   Thumb Code   106  i2c_soft.o(i._ZN9I2C_Soft_11Single_ReadEhh)
    I2C_Soft_::Single_Write(unsigned char, unsigned char, unsigned char) 0x080090bd   Thumb Code    86  i2c_soft.o(i._ZN9I2C_Soft_12Single_WriteEhhh)
    I2C_Soft_::Ack()                         0x08009113   Thumb Code    54  i2c_soft.o(i._ZN9I2C_Soft_3AckEv)
    I2C_Soft_::Init()                        0x08009149   Thumb Code    74  i2c_soft.o(i._ZN9I2C_Soft_4InitEv)
    I2C_Soft_::Stop()                        0x08009193   Thumb Code    54  i2c_soft.o(i._ZN9I2C_Soft_4StopEv)
    I2C_Soft_::Delay()                       0x080091c9   Thumb Code    16  i2c_soft.o(i._ZN9I2C_Soft_5DelayEv)
    I2C_Soft_::NoAck()                       0x080091d9   Thumb Code    54  i2c_soft.o(i._ZN9I2C_Soft_5NoAckEv)
    I2C_Soft_::Start()                       0x0800920f   Thumb Code    86  i2c_soft.o(i._ZN9I2C_Soft_5StartEv)
    I2C_Soft_::WaitAck()                     0x08009265   Thumb Code    82  i2c_soft.o(i._ZN9I2C_Soft_7WaitAckEv)
    I2C_Soft_::ReadByte()                    0x080092b7   Thumb Code    78  i2c_soft.o(i._ZN9I2C_Soft_8ReadByteEv)
    I2C_Soft_::SendByte(unsigned char)       0x08009305   Thumb Code    82  i2c_soft.o(i._ZN9I2C_Soft_8SendByteEh)
    I2C_Soft_::I2C_Soft_(char, unsigned short, unsigned short, unsigned short) 0x08009359   Thumb Code   122  mpu6050.o(i._ZN9I2C_Soft_C1Ecttt)
    I2C_Soft_::I2C_Soft___sub_object(char, unsigned short, unsigned short, unsigned short) 0x08009359   Thumb Code     0  mpu6050.o(i._ZN9I2C_Soft_C1Ecttt)
    std::abs(float)                          0x080093e9   Thumb Code    10  sysstate.o(i._ZSt3absf)
    __ARM_fpclassify                         0x080093f3   Thumb Code    48  fpclassify.o(i.__ARM_fpclassify)
    __ARM_fpclassifyf                        0x08009423   Thumb Code    38  fpclassifyf.o(i.__ARM_fpclassifyf)
    __aeabi_vec_ctor_nocookie_nodtor         0x08009449   Thumb Code    36  aeabi_vec_ctor_nocookie_nodtor.o(i.__aeabi_vec_ctor_nocookie_nodtor)
    __cxa_guard_acquire                      0x0800946d   Thumb Code    16  cxa_guard_acquire.o(i.__cxa_guard_acquire)
    __hardfp_asinf                           0x0800947d   Thumb Code   258  asinf.o(i.__hardfp_asinf)
    __hardfp_atan2f                          0x080095a9   Thumb Code   502  atan2f.o(i.__hardfp_atan2f)
    __hardfp_pow                             0x080097f9   Thumb Code  3044  pow.o(i.__hardfp_pow)
    __hardfp_powf                            0x0800a431   Thumb Code  1518  powf.o(i.__hardfp_powf)
    __mathlib_powf                           0x0800a431   Thumb Code     0  powf.o(i.__hardfp_powf)
    __hardfp_powl                            0x0800aa3d   Thumb Code     4  powl.o(i.__hardfp_powl)
    __kernel_poly                            0x0800aa41   Thumb Code   248  poly.o(i.__kernel_poly)
    __mathlib_dbl_divzero                    0x0800ab39   Thumb Code    28  dunder.o(i.__mathlib_dbl_divzero)
    __mathlib_dbl_infnan2                    0x0800ab69   Thumb Code    20  dunder.o(i.__mathlib_dbl_infnan2)
    __mathlib_dbl_invalid                    0x0800ab81   Thumb Code    24  dunder.o(i.__mathlib_dbl_invalid)
    __mathlib_dbl_overflow                   0x0800aba1   Thumb Code    24  dunder.o(i.__mathlib_dbl_overflow)
    __mathlib_dbl_underflow                  0x0800abc1   Thumb Code    24  dunder.o(i.__mathlib_dbl_underflow)
    __mathlib_flt_divzero                    0x0800abe1   Thumb Code    14  funder.o(i.__mathlib_flt_divzero)
    __mathlib_flt_infnan                     0x0800abf5   Thumb Code     6  funder.o(i.__mathlib_flt_infnan)
    __mathlib_flt_infnan2                    0x0800abfb   Thumb Code     6  funder.o(i.__mathlib_flt_infnan2)
    __mathlib_flt_invalid                    0x0800ac01   Thumb Code    10  funder.o(i.__mathlib_flt_invalid)
    __mathlib_flt_overflow                   0x0800ac11   Thumb Code    10  funder.o(i.__mathlib_flt_overflow)
    __mathlib_flt_underflow                  0x0800ac21   Thumb Code    10  funder.o(i.__mathlib_flt_underflow)
    arm_cos_f32                              0x0800b06d   Thumb Code   132  arm_cos_f32.o(i.arm_cos_f32)
    arm_sin_f32                              0x0800b0fd   Thumb Code   128  arm_sin_f32.o(i.arm_sin_f32)
    fabs                                     0x0800b189   Thumb Code    24  fabs.o(i.fabs)
    main                                     0x0800b1a1   Thumb Code    84  main.o(i.main)
    sqrt                                     0x0800b221   Thumb Code   110  sqrt.o(i.sqrt)
    sqrtf                                    0x0800b28f   Thumb Code    62  sqrtf.o(i.sqrtf)
    __aeabi_dneg                             0x0800b2cd   Thumb Code     0  basic.o(x$fpl$basic)
    _dneg                                    0x0800b2cd   Thumb Code     6  basic.o(x$fpl$basic)
    __aeabi_fneg                             0x0800b2d3   Thumb Code     0  basic.o(x$fpl$basic)
    _fneg                                    0x0800b2d3   Thumb Code     6  basic.o(x$fpl$basic)
    _dabs                                    0x0800b2d9   Thumb Code     6  basic.o(x$fpl$basic)
    _fabs                                    0x0800b2df   Thumb Code     6  basic.o(x$fpl$basic)
    __aeabi_d2f                              0x0800b2e5   Thumb Code     0  d2f.o(x$fpl$d2f)
    _d2f                                     0x0800b2e5   Thumb Code    98  d2f.o(x$fpl$d2f)
    __aeabi_dadd                             0x0800b349   Thumb Code     0  daddsub_clz.o(x$fpl$dadd)
    _dadd                                    0x0800b349   Thumb Code   332  daddsub_clz.o(x$fpl$dadd)
    __fpl_dcheck_NaN1                        0x0800b499   Thumb Code    10  dcheck1.o(x$fpl$dcheck1)
    __fpl_dcmp_Inf                           0x0800b4a9   Thumb Code    24  dcmpi.o(x$fpl$dcmpinf)
    __aeabi_ddiv                             0x0800b4c1   Thumb Code     0  ddiv.o(x$fpl$ddiv)
    _ddiv                                    0x0800b4c1   Thumb Code   552  ddiv.o(x$fpl$ddiv)
    __aeabi_cdcmpeq                          0x0800b771   Thumb Code     0  deqf.o(x$fpl$deqf)
    _dcmpeq                                  0x0800b771   Thumb Code   120  deqf.o(x$fpl$deqf)
    __aeabi_d2iz                             0x0800b7e9   Thumb Code     0  dfix.o(x$fpl$dfix)
    _dfix                                    0x0800b7e9   Thumb Code    94  dfix.o(x$fpl$dfix)
    __aeabi_i2d                              0x0800b847   Thumb Code     0  dflt_clz.o(x$fpl$dflt)
    _dflt                                    0x0800b847   Thumb Code    46  dflt_clz.o(x$fpl$dflt)
    __aeabi_l2d                              0x0800b875   Thumb Code     0  dfltll_clz.o(x$fpl$dfltll)
    _ll_sto_d                                0x0800b875   Thumb Code   162  dfltll_clz.o(x$fpl$dfltll)
    __aeabi_ui2d                             0x0800b917   Thumb Code     0  dflt_clz.o(x$fpl$dfltu)
    _dfltu                                   0x0800b917   Thumb Code    38  dflt_clz.o(x$fpl$dfltu)
    __aeabi_ul2d                             0x0800b93d   Thumb Code     0  dfltll_clz.o(x$fpl$dfltull)
    _ll_uto_d                                0x0800b93d   Thumb Code   138  dfltll_clz.o(x$fpl$dfltull)
    __aeabi_cdcmple                          0x0800b9c9   Thumb Code     0  dleqf.o(x$fpl$dleqf)
    _dcmple                                  0x0800b9c9   Thumb Code   120  dleqf.o(x$fpl$dleqf)
    __fpl_dcmple_InfNaN                      0x0800ba2b   Thumb Code     0  dleqf.o(x$fpl$dleqf)
    __aeabi_dmul                             0x0800ba41   Thumb Code     0  dmul.o(x$fpl$dmul)
    _dmul                                    0x0800ba41   Thumb Code   332  dmul.o(x$fpl$dmul)
    __fpl_dnaninf                            0x0800bb95   Thumb Code   156  dnaninf.o(x$fpl$dnaninf)
    __fpl_dretinf                            0x0800bc31   Thumb Code    12  dretinf.o(x$fpl$dretinf)
    __aeabi_cdrcmple                         0x0800bc3d   Thumb Code     0  drleqf.o(x$fpl$drleqf)
    _drcmple                                 0x0800bc3d   Thumb Code   108  drleqf.o(x$fpl$drleqf)
    __aeabi_drsub                            0x0800bca9   Thumb Code     0  daddsub_clz.o(x$fpl$drsb)
    _drsb                                    0x0800bca9   Thumb Code    22  daddsub_clz.o(x$fpl$drsb)
    _dsqrt                                   0x0800bcc1   Thumb Code   404  dsqrt_umaal.o(x$fpl$dsqrt)
    __aeabi_dsub                             0x0800be59   Thumb Code     0  daddsub_clz.o(x$fpl$dsub)
    _dsub                                    0x0800be59   Thumb Code   464  daddsub_clz.o(x$fpl$dsub)
    __aeabi_f2d                              0x0800c02d   Thumb Code     0  f2d.o(x$fpl$f2d)
    _f2d                                     0x0800c02d   Thumb Code    86  f2d.o(x$fpl$f2d)
    __aeabi_ul2f                             0x0800c083   Thumb Code     0  ffltll_clz.o(x$fpl$ffltll)
    _ll_uto_f                                0x0800c083   Thumb Code     6  ffltll_clz.o(x$fpl$ffltll)
    __aeabi_l2f                              0x0800c089   Thumb Code     0  ffltll_clz.o(x$fpl$ffltll)
    _ll_sto_f                                0x0800c089   Thumb Code    90  ffltll_clz.o(x$fpl$ffltll)
    __fpl_fnaninf                            0x0800c0e3   Thumb Code   140  fnaninf.o(x$fpl$fnaninf)
    _fp_init                                 0x0800c16f   Thumb Code    10  fpinit.o(x$fpl$fpinit)
    __fplib_config_fpu_vfp                   0x0800c177   Thumb Code     0  fpinit.o(x$fpl$fpinit)
    __fplib_config_pureend_doubles           0x0800c177   Thumb Code     0  fpinit.o(x$fpl$fpinit)
    __fpl_fretinf                            0x0800c179   Thumb Code    10  fretinf.o(x$fpl$fretinf)
    __aeabi_d2lz                             0x0800c185   Thumb Code     0  dfixll.o(x$fpl$llsfromd)
    _ll_sfrom_d                              0x0800c185   Thumb Code   194  dfixll.o(x$fpl$llsfromd)
    __fpl_return_NaN                         0x0800c247   Thumb Code   100  retnan.o(x$fpl$retnan)
    __ARM_scalbn                             0x0800c2ab   Thumb Code    92  scalbn.o(x$fpl$scalbn)
    __fpl_cmpreturn                          0x0800c307   Thumb Code    48  trapv.o(x$fpl$trapveneer)
    __I$use$fp                               0x0800c336   Number         0  usenofp.o(x$fpl$usenofp)
    sinTable_f32                             0x0800c3f8   Data        2052  arm_common_tables.o(.constdata)
    __mathlib_zero                           0x0800cdc8   Data           8  qnan.o(.constdata)
    Region$$Table$$Base                      0x0800cdd0   Number         0  anon$$obj.o(Region$$Table)
    Region$$Table$$Limit                     0x0800cdf0   Number         0  anon$$obj.o(Region$$Table)
    SHT$$INIT_ARRAY$$Base                    0x0800cdf0   Number         0  main.o(.init_array)
    SHT$$INIT_ARRAY$$Limit                   0x0800ce10   Number         0  init_aeabi.o(.init_array)
    Scheduler                                0x20000000   Data          16  scheduler.o(.data)
    SYS_State                                0x20000010   Data           6  communication.o(.data)
    Communication                            0x20000018   Data           4  communication.o(.data)
    Control_Para                             0x20000020   Data         976  flycontrol.o(.data)
    FlyControl                               0x200003f0   Data          20  flycontrol.o(.data)
    Throttle                                 0x20000404   Data           4  flycontrol.o(.data)
    Position                                 0x20000408   Data          16  posotion.o(.data)
    MS5611_Fused_Pos                         0x20000418   Data           4  posotion.o(.data)
    Ultra_Fused_Spe                          0x2000041c   Data           4  posotion.o(.data)
    Ultra_Fused_Pos                          0x20000420   Data           4  posotion.o(.data)
    ACC_Fused_Spe                            0x20000424   Data           4  posotion.o(.data)
    IsCalulate                               0x20000430   Data           1  attitude.o(.data)
    Attitude                                 0x20000434   Data          12  attitude.o(.data)
    Math                                     0x20000460   Data          12  math_user.o(.data)
    SystemState                              0x2000046c   Data           4  sysstate.o(.data)
    usTicks                                  0x20000478   Data           4  time.o(.data)
    TSTSTST                                  0x20000480   Data           8  time.o(.data)
    SystemTimeMS                             0x20000488   Data           8  time.o(.data)
    SystemTime                               0x20000490   Data          20  time.o(.data)
    LED_State                                0x200004a4   Data           2  led.o(.data)
    Led                                      0x200004a8   Data          20  led.o(.data)
    Motor                                    0x200004c4   Data          20  motor.o(.data)
    MPU6050                                  0x200004d8   Data          16  mpu6050.o(.data)
    Is_SBUS_REC                              0x200004f4   Data           1  sbus.o(.data)
    SBUS_REC_Mark                            0x200004f5   Data           1  sbus.o(.data)
    SBUS                                     0x200004f8   Data          24  sbus.o(.data)
    TX_ADDRESS                               0x20000518   Data           5  nrf24l01.o(.data)
    RX_ADDRESS                               0x2000051d   Data           5  nrf24l01.o(.data)
    NRF_Mode                                 0x20000522   Data           1  nrf24l01.o(.data)
    Is_ACKBUF_IDEL                           0x20000523   Data           1  nrf24l01.o(.data)
    Is_TXBUF_IDEL                            0x20000524   Data           1  nrf24l01.o(.data)
    Is_RXBUF_IDEL                            0x20000525   Data           1  nrf24l01.o(.data)
    NRF24L01                                 0x20000528   Data          24  nrf24l01.o(.data)
    Power                                    0x20000540   Data          12  battery.o(.data)
    ADS_InitStructure                        0x20000550   Data           2  ads1118.o(.data)
    ADS1118                                  0x20000554   Data           8  ads1118.o(.data)
    GPSReceived                              0x20000560   Data           1  gps.o(.data)
    GPS_BUF_Point                            0x20000564   Data           4  gps.o(.data)
    GPS                                      0x20000568   Data          12  gps.o(.data)
    HMC5883                                  0x2000057c   Data          16  hmc5883.o(.data)
    Buzzer                                   0x20000590   Data          12  buzzer.o(.data)
    Ultra                                    0x200005a0   Data          16  ultra.o(.data)
    IsTXBufIDEL                              0x200005c8   Data           1  usart.o(.data)
    IsRXBufIDEL                              0x200005c9   Data           1  usart.o(.data)
    USART                                    0x200005cc   Data          24  usart.o(.data)
    MS5611_SPI                               0x20000600   Data          12  ms5611_spi.o(.data)
    SystemCoreClock                          0x20000610   Data           4  system_stm32f4xx.o(.data)
    AHBPrescTable                            0x20000614   Data          16  system_stm32f4xx.o(.data)
    TG_50HZ                                  0x20000638   Data          32  main.o(.bss)
    TG_200HZ                                 0x20000658   Data          32  main.o(.bss)
    TG_500HZ                                 0x20000678   Data          32  main.o(.bss)
    User_Data                                0x20000698   Data          24  communication.o(.bss)
    Pos_Data                                 0x200006b0   Data          24  posotion.o(.bss)
    FUSE_ALT_ULTRA_SPE                       0x200006c8   Data          16  posotion.o(.bss)
    FUSE_ALT_ULTRA_POS                       0x200006d8   Data          16  posotion.o(.bss)
    FUSE_ALT_MS5611_SPE                      0x200006e8   Data          16  posotion.o(.bss)
    FUSE_ALT_MS5611_POS                      0x200006f8   Data          16  posotion.o(.bss)
    FUSE_ALT_ACC_SPE                         0x20000708   Data          16  posotion.o(.bss)
    ATT_Filter                               0x20000718   Data          68  attitude.o(.bss)
    Q                                        0x2000075c   Data          16  attitude.o(.bss)
    Angle                                    0x2000076c   Data          12  attitude.o(.bss)
    Rate                                     0x20000778   Data          12  attitude.o(.bss)
    PWM_Data                                 0x20000784   Data          24  motor.o(.bss)
    I2C_Soft_MPU6050                         0x2000079c   Data          12  mpu6050.o(.bss)
    ACC_Filter                               0x200007a8   Data          68  mpu6050.o(.bss)
    GYR_Filter                               0x200007ec   Data          52  mpu6050.o(.bss)
    MPU6050_Data                             0x20000820   Data          72  mpu6050.o(.bss)
    SBUS_RX_BUF1                             0x20000880   Data          25  sbus.o(.bss)
    SBUS_RX_BUF2                             0x20000899   Data          25  sbus.o(.bss)
    SBUS_Data                                0x200008b2   Data          48  sbus.o(.bss)
    NRF24L01_Data                            0x200008e2   Data          96  nrf24l01.o(.bss)
    ADC_Value                                0x20000944   Data          10  battery.o(.bss)
    Power_VOL_Data                           0x20000950   Data          36  battery.o(.bss)
    GPS_BUF1                                 0x20000974   Data         512  gps.o(.bss)
    GPS_BUF2                                 0x20000b74   Data         512  gps.o(.bss)
    GPS_Data                                 0x20000d74   Data          12  gps.o(.bss)
    I2C_HMC5883                              0x20000d80   Data          12  hmc5883.o(.bss)
    MAG_Filter                               0x20000d8c   Data          52  hmc5883.o(.bss)
    HMC5883_Data                             0x20000dc0   Data          56  hmc5883.o(.bss)
    I2C_Soft_Ultra                           0x20000df8   Data          12  ultra.o(.bss)
    Ultra_Filter                             0x20000e04   Data          52  ultra.o(.bss)
    BUF_TMP                                  0x20000e38   Data          32  usart.o(.bss)
    USART_Data                               0x20000e58   Data          64  usart.o(.bss)
    __libspace_start                         0x20000f40   Data          96  libspace.o(.bss)
    __temporary_stack_top$libspace           0x20000fa0   Data           0  libspace.o(.bss)



==============================================================================

Memory Map of the image

  Image Entry point : 0x08000189

  Load Region LR_IROM1 (Base: 0x08000000, Size: 0x0000d444, Max: 0x00080000, ABSOLUTE, COMPRESSED[0x0000cf5c])

    Execution Region ER_IROM1 (Base: 0x08000000, Size: 0x0000ce10, Max: 0x00080000, ABSOLUTE)

    Base Addr    Size         Type   Attr      Idx    E Section Name        Object

    0x08000000   0x00000188   Data   RO         2156    RESET               startup_stm32f40xx.o
    0x08000188   0x00000008   Code   RO         4873  * !!!main             c_w.l(__main.o)
    0x08000190   0x00000034   Code   RO         5379    !!!scatter          c_w.l(__scatter.o)
    0x080001c4   0x0000005a   Code   RO         5377    !!dczerorl2         c_w.l(__dczerorl2.o)
    0x0800021e   0x00000002   PAD
    0x08000220   0x0000001c   Code   RO         5381    !!handler_zi        c_w.l(__scatter_zi.o)
    0x0800023c   0x00000002   Code   RO         5170    .ARM.Collect$$libinit$$00000000  c_w.l(libinit.o)
    0x0800023e   0x00000004   Code   RO         4981    .ARM.Collect$$libinit$$00000001  c_w.l(libinit2.o)
    0x08000242   0x00000000   Code   RO         4984    .ARM.Collect$$libinit$$00000004  c_w.l(libinit2.o)
    0x08000242   0x00000000   Code   RO         4987    .ARM.Collect$$libinit$$0000000A  c_w.l(libinit2.o)
    0x08000242   0x00000000   Code   RO         4989    .ARM.Collect$$libinit$$0000000C  c_w.l(libinit2.o)
    0x08000242   0x00000000   Code   RO         4991    .ARM.Collect$$libinit$$0000000E  c_w.l(libinit2.o)
    0x08000242   0x00000000   Code   RO         4994    .ARM.Collect$$libinit$$00000011  c_w.l(libinit2.o)
    0x08000242   0x00000000   Code   RO         4996    .ARM.Collect$$libinit$$00000013  c_w.l(libinit2.o)
    0x08000242   0x00000000   Code   RO         4998    .ARM.Collect$$libinit$$00000015  c_w.l(libinit2.o)
    0x08000242   0x00000000   Code   RO         5000    .ARM.Collect$$libinit$$00000017  c_w.l(libinit2.o)
    0x08000242   0x00000000   Code   RO         5002    .ARM.Collect$$libinit$$00000019  c_w.l(libinit2.o)
    0x08000242   0x00000000   Code   RO         5004    .ARM.Collect$$libinit$$0000001B  c_w.l(libinit2.o)
    0x08000242   0x00000000   Code   RO         5006    .ARM.Collect$$libinit$$0000001D  c_w.l(libinit2.o)
    0x08000242   0x00000000   Code   RO         5008    .ARM.Collect$$libinit$$0000001F  c_w.l(libinit2.o)
    0x08000242   0x00000000   Code   RO         5010    .ARM.Collect$$libinit$$00000021  c_w.l(libinit2.o)
    0x08000242   0x00000000   Code   RO         5012    .ARM.Collect$$libinit$$00000023  c_w.l(libinit2.o)
    0x08000242   0x00000000   Code   RO         5014    .ARM.Collect$$libinit$$00000025  c_w.l(libinit2.o)
    0x08000242   0x00000000   Code   RO         5018    .ARM.Collect$$libinit$$0000002C  c_w.l(libinit2.o)
    0x08000242   0x00000000   Code   RO         5020    .ARM.Collect$$libinit$$0000002E  c_w.l(libinit2.o)
    0x08000242   0x00000000   Code   RO         5022    .ARM.Collect$$libinit$$00000030  c_w.l(libinit2.o)
    0x08000242   0x00000004   Code   RO         5023    .ARM.Collect$$libinit$$00000031  c_w.l(libinit2.o)
    0x08000246   0x00000000   Code   RO         5024    .ARM.Collect$$libinit$$00000032  c_w.l(libinit2.o)
    0x08000246   0x00000002   Code   RO         5025    .ARM.Collect$$libinit$$00000033  c_w.l(libinit2.o)
    0x08000248   0x00000002   Code   RO         5337    .ARM.Collect$$libshutdown$$00000000  c_w.l(libshutdown.o)
    0x0800024a   0x00000000   Code   RO         5346    .ARM.Collect$$libshutdown$$00000003  c_w.l(libshutdown2.o)
    0x0800024a   0x00000000   Code   RO         5349    .ARM.Collect$$libshutdown$$00000006  c_w.l(libshutdown2.o)
    0x0800024a   0x00000000   Code   RO         5352    .ARM.Collect$$libshutdown$$00000009  c_w.l(libshutdown2.o)
    0x0800024a   0x00000000   Code   RO         5354    .ARM.Collect$$libshutdown$$0000000B  c_w.l(libshutdown2.o)
    0x0800024a   0x00000000   Code   RO         5357    .ARM.Collect$$libshutdown$$0000000E  c_w.l(libshutdown2.o)
    0x0800024a   0x00000002   Code   RO         5358    .ARM.Collect$$libshutdown$$0000000F  c_w.l(libshutdown2.o)
    0x0800024c   0x00000000   Code   RO         4976    .ARM.Collect$$rtentry$$00000000  c_w.l(__rtentry.o)
    0x0800024c   0x00000000   Code   RO         5084    .ARM.Collect$$rtentry$$00000002  c_w.l(__rtentry2.o)
    0x0800024c   0x00000006   Code   RO         5096    .ARM.Collect$$rtentry$$00000004  c_w.l(__rtentry4.o)
    0x08000252   0x00000000   Code   RO         5086    .ARM.Collect$$rtentry$$00000009  c_w.l(__rtentry2.o)
    0x08000252   0x00000004   Code   RO         5087    .ARM.Collect$$rtentry$$0000000A  c_w.l(__rtentry2.o)
    0x08000256   0x00000000   Code   RO         5089    .ARM.Collect$$rtentry$$0000000C  c_w.l(__rtentry2.o)
    0x08000256   0x00000008   Code   RO         5090    .ARM.Collect$$rtentry$$0000000D  c_w.l(__rtentry2.o)
    0x0800025e   0x00000002   Code   RO         5183    .ARM.Collect$$rtexit$$00000000  c_w.l(rtexit.o)
    0x08000260   0x00000000   Code   RO         5273    .ARM.Collect$$rtexit$$00000002  c_w.l(rtexit2.o)
    0x08000260   0x00000004   Code   RO         5274    .ARM.Collect$$rtexit$$00000003  c_w.l(rtexit2.o)
    0x08000264   0x00000006   Code   RO         5275    .ARM.Collect$$rtexit$$00000004  c_w.l(rtexit2.o)
    0x0800026a   0x00000002   PAD
    0x0800026c   0x00000040   Code   RO         2157    .text               startup_stm32f40xx.o
    0x080002ac   0x00000048   Code   RO         4869    .text               c_w.l(llsdiv.o)
    0x080002f4   0x00000006   Code   RO         4871    .text               c_w.l(heapauxi.o)
    0x080002fa   0x00000002   PAD
    0x080002fc   0x00000024   Code   RO         4878    .text               c_w.l(init_aeabi.o)
    0x08000320   0x000000ee   Code   RO         4977    .text               c_w.l(lludivv7m.o)
    0x0800040e   0x00000016   Code   RO         4979    .text               c_w.l(_rserrno.o)
    0x08000424   0x00000008   Code   RO         5105    .text               c_w.l(rt_errno_addr_intlibspace.o)
    0x0800042c   0x00000008   Code   RO         5152    .text               c_w.l(libspace.o)
    0x08000434   0x0000004a   Code   RO         5155    .text               c_w.l(sys_stackheap_outer.o)
    0x0800047e   0x0000000c   Code   RO         5159    .text               c_w.l(exit.o)
    0x0800048a   0x00000002   PAD
    0x0800048c   0x0000000c   Code   RO         5265    .text               c_w.l(sys_exit.o)
    0x08000498   0x00000002   Code   RO         5267    .text               c_w.l(use_no_semi.o)
    0x0800049a   0x00000000   Code   RO         5271    .text               c_w.l(indicate_semi.o)
    0x0800049a   0x00000016   Code   RO         3730    i.ADC_Cmd           stm32f4xx_adc.o
    0x080004b0   0x00000030   Code   RO         3731    i.ADC_CommonInit    stm32f4xx_adc.o
    0x080004e0   0x00000016   Code   RO         3734    i.ADC_DMACmd        stm32f4xx_adc.o
    0x080004f6   0x00000016   Code   RO         3735    i.ADC_DMARequestAfterLastTransferCmd  stm32f4xx_adc.o
    0x0800050c   0x00000054   Code   RO         3750    i.ADC_Init          stm32f4xx_adc.o
    0x08000560   0x000000b8   Code   RO         3755    i.ADC_RegularChannelConfig  stm32f4xx_adc.o
    0x08000618   0x0000000a   Code   RO         3757    i.ADC_SoftwareStartConv  stm32f4xx_adc.o
    0x08000622   0x00000004   Code   RO         2208    i.BusFault_Handler  stm32f4xx_it.o
    0x08000626   0x00000016   Code   RO         4010    i.DMA_Cmd           stm32f4xx_dma.o
    0x0800063c   0x00000058   Code   RO         4022    i.DMA_Init          stm32f4xx_dma.o
    0x08000694   0x00000002   Code   RO         2209    i.DebugMon_Handler  stm32f4xx_it.o
    0x08000696   0x00000002   PAD
    0x08000698   0x00000118   Code   RO         1520    i.EXTI4_IRQHandler  nrf24l01.o
    0x080007b0   0x0000000c   Code   RO         4353    i.EXTI_ClearITPendingBit  stm32f4xx_exti.o
    0x080007bc   0x00000018   Code   RO         4357    i.EXTI_GetITStatus  stm32f4xx_exti.o
    0x080007d4   0x00000094   Code   RO         4358    i.EXTI_Init         stm32f4xx_exti.o
    0x08000868   0x0000000c   Code   RO         4493    i.FLASH_ClearFlag   stm32f4xx_flash.o
    0x08000874   0x00000088   Code   RO         4499    i.FLASH_EraseSector  stm32f4xx_flash.o
    0x080008fc   0x00000054   Code   RO         4501    i.FLASH_GetStatus   stm32f4xx_flash.o
    0x08000950   0x00000014   Code   RO         4505    i.FLASH_Lock        stm32f4xx_flash.o
    0x08000964   0x00000050   Code   RO         4529    i.FLASH_ProgramWord  stm32f4xx_flash.o
    0x080009b4   0x00000024   Code   RO         4531    i.FLASH_Unlock      stm32f4xx_flash.o
    0x080009d8   0x00000022   Code   RO         4532    i.FLASH_WaitForLastOperation  stm32f4xx_flash.o
    0x080009fa   0x00000090   Code   RO         2339    i.GPIO_Init         stm32f4xx_gpio.o
    0x08000a8a   0x00000046   Code   RO         2340    i.GPIO_PinAFConfig  stm32f4xx_gpio.o
    0x08000ad0   0x00000004   Code   RO         2346    i.GPIO_ResetBits    stm32f4xx_gpio.o
    0x08000ad4   0x00000004   Code   RO         2347    i.GPIO_SetBits      stm32f4xx_gpio.o
    0x08000ad8   0x00000004   Code   RO         2210    i.HardFault_Handler  stm32f4xx_it.o
    0x08000adc   0x00000004   Code   RO         2211    i.MemManage_Handler  stm32f4xx_it.o
    0x08000ae0   0x00000002   Code   RO         2212    i.NMI_Handler       stm32f4xx_it.o
    0x08000ae2   0x00000002   PAD
    0x08000ae4   0x00000078   Code   RO         2285    i.NVIC_Init         misc.o
    0x08000b5c   0x00000014   Code   RO         2286    i.NVIC_PriorityGroupConfig  misc.o
    0x08000b70   0x00000002   Code   RO         2213    i.PendSV_Handler    stm32f4xx_it.o
    0x08000b72   0x00000002   PAD
    0x08000b74   0x00000020   Code   RO         3333    i.RCC_AHB1PeriphClockCmd  stm32f4xx_rcc.o
    0x08000b94   0x00000020   Code   RO         3342    i.RCC_APB1PeriphClockCmd  stm32f4xx_rcc.o
    0x08000bb4   0x00000020   Code   RO         3345    i.RCC_APB2PeriphClockCmd  stm32f4xx_rcc.o
    0x08000bd4   0x000000e4   Code   RO         3354    i.RCC_GetClocksFreq  stm32f4xx_rcc.o
    0x08000cb8   0x00000018   Code   RO         4165    i.SPI_Cmd           stm32f4xx_spi.o
    0x08000cd0   0x00000012   Code   RO         4173    i.SPI_I2S_GetFlagStatus  stm32f4xx_spi.o
    0x08000ce2   0x00000006   Code   RO         4176    i.SPI_I2S_ReceiveData  stm32f4xx_spi.o
    0x08000ce8   0x00000004   Code   RO         4177    i.SPI_I2S_SendData  stm32f4xx_spi.o
    0x08000cec   0x0000003c   Code   RO         4178    i.SPI_Init          stm32f4xx_spi.o
    0x08000d28   0x00000002   Code   RO         2214    i.SVC_Handler       stm32f4xx_it.o
    0x08000d2a   0x00000002   PAD
    0x08000d2c   0x00000040   Code   RO         4429    i.SYSCFG_EXTILineConfig  stm32f4xx_syscfg.o
    0x08000d6c   0x00000018   Code   RO         1176    i.SysTick_Handler   time.o
    0x08000d84   0x00000068   Code   RO         2165    i.SystemInit        system_stm32f4xx.o
    0x08000dec   0x00000018   Code   RO         2454    i.TIM_ARRPreloadConfig  stm32f4xx_tim.o
    0x08000e04   0x00000018   Code   RO         2466    i.TIM_Cmd           stm32f4xx_tim.o
    0x08000e1c   0x0000007c   Code   RO         2495    i.TIM_OC1Init       stm32f4xx_tim.o
    0x08000e98   0x00000012   Code   RO         2498    i.TIM_OC1PreloadConfig  stm32f4xx_tim.o
    0x08000eaa   0x00000002   PAD
    0x08000eac   0x000000a4   Code   RO         2500    i.TIM_OC2Init       stm32f4xx_tim.o
    0x08000f50   0x0000001a   Code   RO         2503    i.TIM_OC2PreloadConfig  stm32f4xx_tim.o
    0x08000f6a   0x00000002   PAD
    0x08000f6c   0x000000a0   Code   RO         2505    i.TIM_OC3Init       stm32f4xx_tim.o
    0x0800100c   0x00000012   Code   RO         2508    i.TIM_OC3PreloadConfig  stm32f4xx_tim.o
    0x0800101e   0x00000004   Code   RO         2528    i.TIM_SetCompare1   stm32f4xx_tim.o
    0x08001022   0x00000004   Code   RO         2529    i.TIM_SetCompare2   stm32f4xx_tim.o
    0x08001026   0x00000004   Code   RO         2530    i.TIM_SetCompare3   stm32f4xx_tim.o
    0x0800102a   0x00000002   PAD
    0x0800102c   0x00000084   Code   RO         2538    i.TIM_TimeBaseInit  stm32f4xx_tim.o
    0x080010b0   0x000000dc   Code   RO         1790    i.USART1_IRQHandler  gps.o
    0x0800118c   0x000000c4   Code   RO         1459    i.USART2_IRQHandler  sbus.o
    0x08001250   0x000000f8   Code   RO         1992    i.USART3_IRQHandler  usart.o
    0x08001348   0x00000018   Code   RO         3116    i.USART_Cmd         stm32f4xx_usart.o
    0x08001360   0x0000001a   Code   RO         3119    i.USART_GetFlagStatus  stm32f4xx_usart.o
    0x0800137a   0x00000054   Code   RO         3120    i.USART_GetITStatus  stm32f4xx_usart.o
    0x080013ce   0x0000004a   Code   RO         3122    i.USART_ITConfig    stm32f4xx_usart.o
    0x08001418   0x000000d4   Code   RO         3123    i.USART_Init        stm32f4xx_usart.o
    0x080014ec   0x0000000a   Code   RO         3130    i.USART_ReceiveData  stm32f4xx_usart.o
    0x080014f6   0x00000008   Code   RO         3133    i.USART_SendData    stm32f4xx_usart.o
    0x080014fe   0x00000004   Code   RO         2215    i.UsageFault_Handler  stm32f4xx_it.o
    0x08001502   0x00000002   PAD
    0x08001504   0x000001c4   Code   RO         1664    i._Z10ADC_Updatav   battery.o
    0x080016c8   0x00000014   Code   RO         1904    i._Z10Buzzer_Offv   buzzer.o
    0x080016dc   0x00000014   Code   RO         1791    i._Z10GPS_Updatav   gps.o
    0x080016f0   0x00000030   Code   RO          279    i._Z10Loop_200Hzt   scheduler.o
    0x08001720   0x00000034   Code   RO          280    i._Z10Loop_500Hzt   scheduler.o
    0x08001754   0x00000048   Code   RO         1298    i._Z10Motor_Holdv   motor.o
    0x0800179c   0x0000020c   Code   RO         1299    i._Z10Motor_Initv   motor.o
    0x080019a8   0x0000005c   Code   RO         1300    i._Z10Motor_Stopv   motor.o
    0x08001a04   0x00000024   Code   RO         1351    i._Z10Read_Flasht   mpu6050.o
    0x08001a28   0x0000025c   Code   RO          338    i._Z10Send_RC_PCv   communication.o
    0x08001c84   0x0000000c   Code   RO         1177    i._Z10TimeNow_MSv   time.o
    0x08001c90   0x000000a0   Code   RO         1178    i._Z10TimeNow_USv   time.o
    0x08001d30   0x00000010   Code   RO         1949    i._Z10Ultra_Initv   ultra.o
    0x08001d40   0x0000003c   Code   RO         1905    i._Z11Buzzer_Initv  buzzer.o
    0x08001d7c   0x00000016   Code   RO          339    i._Z11Communicatev  communication.o
    0x08001d92   0x00000002   PAD
    0x08001d94   0x00000064   Code   RO         1246    i._Z11LED_Reversetj  led.o
    0x08001df8   0x00000002   Code   RO          281    i._Z11Loop_1000Hzt  scheduler.o
    0x08001dfa   0x00000008   Code   RO         1460    i._Z11SBUS_Updatav  sbus.o
    0x08001e02   0x00000002   PAD
    0x08001e04   0x000000ec   Code   RO         2166    i._Z11SetSysClockv  system_stm32f4xx.o
    0x08001ef0   0x00000018   Code   RO         1179    i._Z11Time_WaitMSj  time.o
    0x08001f08   0x0000001c   Code   RO         1180    i._Z11Time_WaitUSj  time.o
    0x08001f24   0x00000110   Code   RO         1352    i._Z11Write_Flashv  mpu6050.o
    0x08002034   0x00000068   Code   RO         1665    i._Z12ADC_DMA_Initv  battery.o
    0x0800209c   0x00000080   Code   RO         1717    i._Z12ADS1118_Initv  ads1118.o
    0x0800211c   0x00000040   Code   RO         1843    i._Z12HMC5883_Initv  hmc5883.o
    0x0800215c   0x0000007c   Code   RO         1353    i._Z12MPU6050_Initv  mpu6050.o
    0x080021d8   0x00000024   Code   RO         2059    i._Z12MS5611_Resetv  ms5611_spi.o
    0x080021fc   0x000002e4   Code   RO         1301    i._Z12Motor_Output4BOOL  motor.o
    0x080024e0   0x000000fc   Code   RO         1461    i._Z12SBUS_Receivev  sbus.o
    0x080025dc   0x0000001c   Code   RO         1462    i._Z12SW_POS_Judget  sbus.o
    0x080025f8   0x00000050   Code   RO          340    i._Z12Send_Data_PCv  communication.o
    0x08002648   0x00000244   Code   RO          341    i._Z12Send_RC_MCU2v  communication.o
    0x0800288c   0x00000002   Code   RO          894    i._Z12Sensor_Statev  sysstate.o
    0x0800288e   0x0000001c   Code   RO          895    i._Z12State_Updatat  sysstate.o
    0x080028aa   0x00000002   PAD
    0x080028ac   0x00000130   Code   RO         1950    i._Z12Ultra_Updatav  ultra.o
    0x080029dc   0x00000094   Code   RO          673    i._Z12Updata_Eularv  attitude.o
    0x08002a70   0x0000002c   Code   RO          674    i._Z12arm_sqrt_f32fPf  attitude.o
    0x08002a9c   0x0000008c   Code   RO         1666    i._Z13ADC_GOIO_Initv  battery.o
    0x08002b28   0x000000f8   Code   RO          737    i._Z13Body_To_Earth6Vectorff  math_user.o
    0x08002c20   0x00000020   Code   RO         2060    i._Z13MS561101_Initv  ms5611_spi.o
    0x08002c40   0x00000038   Code   RO         2061    i._Z13MS5611_SPI_RWh  ms5611_spi.o
    0x08002c78   0x00000388   Code   RO         2062    i._Z13MS5611_Updatav  ms5611_spi.o
    0x08003000   0x000000e0   Code   RO         1521    i._Z13NRF24L01_Init9NRF_State  nrf24l01.o
    0x080030e0   0x00000018   Code   RO          579    i._Z13Position_Initv  posotion.o
    0x080030f8   0x000001f4   Code   RO          342    i._Z13Send_Eular_PCv  communication.o
    0x080032ec   0x00000208   Code   RO          343    i._Z13Send_Motor_PCv  communication.o
    0x080034f4   0x00000084   Code   RO          344    i._Z13Send_Reply_PCth  communication.o
    0x08003578   0x00000014   Code   RO         1993    i._Z13USART_Receivev  usart.o
    0x0800358c   0x0000004c   Code   RO         1718    i._Z14ADS1118_RW_REGt  ads1118.o
    0x080035d8   0x00000038   Code   RO         1719    i._Z14ADS1118_SPI_RWh  ads1118.o
    0x08003610   0x00000160   Code   RO         1720    i._Z14ADS1118_Updatah  ads1118.o
    0x08003770   0x00000328   Code   RO          475    i._Z14ATT_Inner_Loopj  flycontrol.o
    0x08003a98   0x00000408   Code   RO          476    i._Z14ATT_Outer_Loopj  flycontrol.o
    0x08003ea0   0x00000240   Code   RO         1844    i._Z14HMC5883_Updatav  hmc5883.o
    0x080040e0   0x00000010   Code   RO         1354    i._Z14MPU6050_Updatav  mpu6050.o
    0x080040f0   0x00000340   Code   RO          477    i._Z14POS_Inner_Loopj  flycontrol.o
    0x08004430   0x0000049c   Code   RO          478    i._Z14POS_Outer_Loopj  flycontrol.o
    0x080048cc   0x0000004c   Code   RO          345    i._Z14Send_Data_MCU2v  communication.o
    0x08004918   0x0000029c   Code   RO          346    i._Z14Send_Senser_PCv  communication.o
    0x08004bb4   0x000000bc   Code   RO         1792    i._Z14USART_Init_GPSj  gps.o
    0x08004c70   0x00000024   Code   RO         1994    i._Z14USART_SendCharv  usart.o
    0x08004c94   0x000000e0   Code   RO          580    i._Z15ACC_Fuse_Updatatf  posotion.o
    0x08004d74   0x0000005c   Code   RO         2063    i._Z15MS5611_SPI_Initv  ms5611_spi.o
    0x08004dd0   0x00000038   Code   RO         1522    i._Z15NRF24L01_SPI_RWh  nrf24l01.o
    0x08004e08   0x00000174   Code   RO          581    i._Z15Position_Updatat  posotion.o
    0x08004f7c   0x000002f8   Code   RO          347    i._Z15Send_Eular_MCU2v  communication.o
    0x08005274   0x000000bc   Code   RO         1995    i._Z15USART_Init_Userj  usart.o
    0x08005330   0x0000005c   Code   RO         1721    i._Z16ADS1118_SPI_Initv  ads1118.o
    0x0800538c   0x00000150   Code   RO          896    i._Z16Controller_Statet  sysstate.o
    0x080054dc   0x00000928   Code   RO          348    i._Z16Data_Analysis_PCv  communication.o
    0x08005e04   0x0000012c   Code   RO         1355    i._Z16MPU6050_Read_ACCv  mpu6050.o
    0x08005f30   0x0000012c   Code   RO         1356    i._Z16MPU6050_Read_GYRv  mpu6050.o
    0x0800605c   0x00000084   Code   RO         2064    i._Z16MS5611_GPIO_Initv  ms5611_spi.o
    0x080060e0   0x00000050   Code   RO         2065    i._Z16MS5611_PROM_Readv  ms5611_spi.o
    0x08006130   0x00000014   Code   RO         1523    i._Z16NRF24L01_GetDatav  nrf24l01.o
    0x08006144   0x0000003c   Code   RO         1524    i._Z16NRF24L01_ReadBufhPhh  nrf24l01.o
    0x08006180   0x00000028   Code   RO         1525    i._Z16NRF24L01_ReadRegh  nrf24l01.o
    0x080061a8   0x000004b4   Code   RO          349    i._Z16Send_PID_Para_PCh  communication.o
    0x0800665c   0x000001e8   Code   RO          350    i._Z16Send_UserData_PCv  communication.o
    0x08006844   0x0000000c   Code   RO         1996    i._Z16USART_Free_RXBUFv  usart.o
    0x08006850   0x00000084   Code   RO         1722    i._Z17ADS1118_GPIO_Initv  ads1118.o
    0x080068d4   0x00000038   Code   RO         1723    i._Z17ADS1118_Read_Datat  ads1118.o
    0x0800690c   0x00000208   Code   RO         1357    i._Z17MPU6050_Calibratev  mpu6050.o
    0x08006b14   0x00000078   Code   RO         1358    i._Z17MPU6050_Para_Readv  mpu6050.o
    0x08006b8c   0x00000014   Code   RO         1359    i._Z17MPU6050_Para_Savev  mpu6050.o
    0x08006ba0   0x00000040   Code   RO         2066    i._Z17MS5611_Read_3Bytev  ms5611_spi.o
    0x08006be0   0x0000004e   Code   RO         1526    i._Z17NRF24L01_IRQ_Initv  nrf24l01.o
    0x08006c2e   0x00000002   PAD
    0x08006c30   0x0000005c   Code   RO         1527    i._Z17NRF24L01_SPI_Initv  nrf24l01.o
    0x08006c8c   0x00000050   Code   RO         1528    i._Z17NRF24L01_SendDatav  nrf24l01.o
    0x08006cdc   0x0000003c   Code   RO         1529    i._Z17NRF24L01_WriteBufhPhh  nrf24l01.o
    0x08006d18   0x00000028   Code   RO         1530    i._Z17NRF24L01_WriteReghh  nrf24l01.o
    0x08006d40   0x00000180   Code   RO          582    i._Z17Ultra_Fuse_Updatatf  posotion.o
    0x08006ec0   0x00000980   Code   RO          675    i._Z17Updata_Quaternion6VectorS_S_d  attitude.o
    0x08007840   0x00000128   Code   RO          351    i._Z18Data_Analysis_MCU2v  communication.o
    0x08007968   0x000000d0   Code   RO          583    i._Z18MS5611_Fuse_Updatatf  posotion.o
    0x08007a38   0x00000054   Code   RO         2067    i._Z18MS5611_GetPressurev  ms5611_spi.o
    0x08007a8c   0x000000c0   Code   RO         1531    i._Z18NRF24L01_GPIO_Initv  nrf24l01.o
    0x08007b4c   0x00000024   Code   RO         2068    i._Z19MS5611_Send_Commondh  ms5611_spi.o
    0x08007b70   0x0000000c   Code   RO         1534    i._Z19NRF24L01_Free_RXBUFv  nrf24l01.o
    0x08007b7c   0x0000002c   Code   RO         1997    i._Z19USART_Request_TXBUFv  usart.o
    0x08007ba8   0x00000054   Code   RO         2069    i._Z21MS5611_GetTemperaturev  ms5611_spi.o
    0x08007bfc   0x00000274   Code   RO          352    i._Z21Send_Motor_State_MCU2v  communication.o
    0x08007e70   0x0000001c   Code   RO         1536    i._Z23NRF24L01_Request_ACKBUFh  nrf24l01.o
    0x08007e8c   0x000002d8   Code   RO          353    i._Z24Send_Battery_MS5611_MCU2v  communication.o
    0x08008164   0x00000044   Code   RO         1247    i._Z6LED_Ont        led.o
    0x080081a8   0x00000014   Code   RO          739    i._Z7Degreesf       math_user.o
    0x080081bc   0x00000038   Code   RO         1248    i._Z7LED_Offt       led.o
    0x080081f4   0x00000014   Code   RO          740    i._Z7Radiansf       math_user.o
    0x08008208   0x000000b0   Code   RO         1667    i._Z8ADC_Initv      battery.o
    0x080082b8   0x0000000c   Code   RO         1793    i._Z8GPS_Initv      gps.o
    0x080082c4   0x00000038   Code   RO         1249    i._Z8LED_Initv      led.o
    0x080082fc   0x00000074   Code   RO          897    i._Z8RC_Statet      sysstate.o
    0x08008370   0x00000034   Code   RO         1906    i._Z9Buzzer_Ont     buzzer.o
    0x080083a4   0x0000005c   Code   RO          741    i._Z9Constrainddd   math_user.o
    0x08008400   0x00000028   Code   RO          742    i._Z9Dead_Zoneii    math_user.o
    0x08008428   0x00000048   Code   RO          282    i._Z9Loop_50Hzt     scheduler.o
    0x08008470   0x000001bc   Code   RO          898    i._Z9Pow_Statet     sysstate.o
    0x0800862c   0x000000f0   Code   RO         1463    i._Z9SBUS_Initv     sbus.o
    0x0800871c   0x00000064   Code   RO          743    i._Z9Safe_Asinf     math_user.o
    0x08008780   0x00000074   Code   RO         1181    i._Z9Time_Initv     time.o
    0x080087f4   0x0000010c   Code   RO         1074    i._ZN10Filter_2nd12LPF2ndFilterE6Vector  filter.o
    0x08008900   0x0000005a   Code   RO         1075    i._ZN10Filter_2nd12LPF2ndFilterEf  filter.o
    0x0800895a   0x00000002   PAD
    0x0800895c   0x000000b4   Code   RO         1076    i._ZN10Filter_2ndC1Efffff  filter.o
    0x08008a10   0x000000a4   Code   RO         1079    i._ZN14Filter_Balance13BalanceFilterEffd  filter.o
    0x08008ab4   0x0000001c   Code   RO          634    i._ZN14Filter_BalanceC1Efff  posotion.o
    0x08008ad0   0x000000ce   Code   RO         1080    i._ZN15Filter_MidValue6BubbleEPf  filter.o
    0x08008b9e   0x000000aa   Code   RO         1081    i._ZN15Filter_MidValue8MidValueE6Vector  filter.o
    0x08008c48   0x00000046   Code   RO         1082    i._ZN15Filter_MidValue8MidValueEf  filter.o
    0x08008c8e   0x00000002   PAD
    0x08008c90   0x00000278   Code   RO         1143    i._ZN3PID11Cal_PID_POSEi  pid.o
    0x08008f08   0x00000034   Code   RO         1144    i._ZN3PID3RstEv     pid.o
    0x08008f3c   0x00000080   Code   RO         1145    i._ZN3PIDC1Effff    pid.o
    0x08008fbc   0x0000004c   Code   RO         1146    i._ZN3PIDC1Ev       pid.o
    0x08009008   0x0000000e   Code   RO         1877    i._ZN6VectorC1Efff  hmc5883.o
    0x08009016   0x00000002   PAD
    0x08009018   0x00000020   Code   RO          713    i._ZN6VectorC1Ev    attitude.o
    0x08009038   0x0000001a   Code   RO           31    i._ZN7Target_C1EPFvtEi  main.o
    0x08009052   0x0000006a   Code   RO          990    i._ZN9I2C_Soft_11Single_ReadEhh  i2c_soft.o
    0x080090bc   0x00000056   Code   RO          991    i._ZN9I2C_Soft_12Single_WriteEhhh  i2c_soft.o
    0x08009112   0x00000036   Code   RO          992    i._ZN9I2C_Soft_3AckEv  i2c_soft.o
    0x08009148   0x0000004a   Code   RO          993    i._ZN9I2C_Soft_4InitEv  i2c_soft.o
    0x08009192   0x00000036   Code   RO          994    i._ZN9I2C_Soft_4StopEv  i2c_soft.o
    0x080091c8   0x00000010   Code   RO          995    i._ZN9I2C_Soft_5DelayEv  i2c_soft.o
    0x080091d8   0x00000036   Code   RO          996    i._ZN9I2C_Soft_5NoAckEv  i2c_soft.o
    0x0800920e   0x00000056   Code   RO          997    i._ZN9I2C_Soft_5StartEv  i2c_soft.o
    0x08009264   0x00000052   Code   RO          998    i._ZN9I2C_Soft_7WaitAckEv  i2c_soft.o
    0x080092b6   0x0000004e   Code   RO          999    i._ZN9I2C_Soft_8ReadByteEv  i2c_soft.o
    0x08009304   0x00000052   Code   RO         1000    i._ZN9I2C_Soft_8SendByteEh  i2c_soft.o
    0x08009356   0x00000002   PAD
    0x08009358   0x00000090   Code   RO         1434    i._ZN9I2C_Soft_C1Ecttt  mpu6050.o
    0x080093e8   0x0000000a   Code   RO          944    i._ZSt3absf         sysstate.o
    0x080093f2   0x00000030   Code   RO         5135    i.__ARM_fpclassify  m_wm.l(fpclassify.o)
    0x08009422   0x00000026   Code   RO         5041    i.__ARM_fpclassifyf  m_wm.l(fpclassifyf.o)
    0x08009448   0x00000024   Code   RO         4887    i.__aeabi_vec_ctor_nocookie_nodtor  cpprt_w.l(aeabi_vec_ctor_nocookie_nodtor.o)
    0x0800946c   0x00000010   Code   RO         4881    i.__cxa_guard_acquire  cpprt_w.l(cxa_guard_acquire.o)
    0x0800947c   0x0000012c   Code   RO         4934    i.__hardfp_asinf    m_wm.l(asinf.o)
    0x080095a8   0x00000250   Code   RO         4946    i.__hardfp_atan2f   m_wm.l(atan2f.o)
    0x080097f8   0x00000c38   Code   RO         5057    i.__hardfp_pow      m_wm.l(pow.o)
    0x0800a430   0x0000060c   Code   RO         4958    i.__hardfp_powf     m_wm.l(powf.o)
    0x0800aa3c   0x00000004   Code   RO         4972    i.__hardfp_powl     m_wm.l(powl.o)
    0x0800aa40   0x000000f8   Code   RO         5137    i.__kernel_poly     m_wm.l(poly.o)
    0x0800ab38   0x00000030   Code   RO         5115    i.__mathlib_dbl_divzero  m_wm.l(dunder.o)
    0x0800ab68   0x00000014   Code   RO         5117    i.__mathlib_dbl_infnan2  m_wm.l(dunder.o)
    0x0800ab7c   0x00000004   PAD
    0x0800ab80   0x00000020   Code   RO         5118    i.__mathlib_dbl_invalid  m_wm.l(dunder.o)
    0x0800aba0   0x00000020   Code   RO         5119    i.__mathlib_dbl_overflow  m_wm.l(dunder.o)
    0x0800abc0   0x00000020   Code   RO         5121    i.__mathlib_dbl_underflow  m_wm.l(dunder.o)
    0x0800abe0   0x00000014   Code   RO         5043    i.__mathlib_flt_divzero  m_wm.l(funder.o)
    0x0800abf4   0x00000006   Code   RO         5044    i.__mathlib_flt_infnan  m_wm.l(funder.o)
    0x0800abfa   0x00000006   Code   RO         5045    i.__mathlib_flt_infnan2  m_wm.l(funder.o)
    0x0800ac00   0x00000010   Code   RO         5046    i.__mathlib_flt_invalid  m_wm.l(funder.o)
    0x0800ac10   0x00000010   Code   RO         5047    i.__mathlib_flt_overflow  m_wm.l(funder.o)
    0x0800ac20   0x00000010   Code   RO         5049    i.__mathlib_flt_underflow  m_wm.l(funder.o)
    0x0800ac30   0x00000068   Code   RO          676    i.__sti___10_Attitude_c_70178b78  attitude.o
    0x0800ac98   0x00000078   Code   RO          584    i.__sti___10_Posotion_c_Pos_Data  posotion.o
    0x0800ad10   0x0000014c   Code   RO          479    i.__sti___12_FlyControl_c_6e3fbe5e  flycontrol.o
    0x0800ae5c   0x00000050   Code   RO         2070    i.__sti___12_MS5611_SPI_c_dec73ae7  ms5611_spi.o
    0x0800aeac   0x00000040   Code   RO            4    i.__sti___6_main_c_TG_50HZ  main.o
    0x0800aeec   0x0000003c   Code   RO         1951    i.__sti___7_Ultra_c_220f73de  ultra.o
    0x0800af28   0x000000a0   Code   RO         1845    i.__sti___9_HMC5883_c_5f2e7b48  hmc5883.o
    0x0800afc8   0x000000a4   Code   RO         1360    i.__sti___9_MPU6050_c_b1a692db  mpu6050.o
    0x0800b06c   0x00000090   Code   RO         4845    i.arm_cos_f32       arm_cos_f32.o
    0x0800b0fc   0x0000008c   Code   RO         4816    i.arm_sin_f32       arm_sin_f32.o
    0x0800b188   0x00000018   Code   RO         5131    i.fabs              m_wm.l(fabs.o)
    0x0800b1a0   0x00000080   Code   RO            5    i.main              main.o
    0x0800b220   0x0000006e   Code   RO         5142    i.sqrt              m_wm.l(sqrt.o)
    0x0800b28e   0x0000003e   Code   RO         5073    i.sqrtf             m_wm.l(sqrtf.o)
    0x0800b2cc   0x00000018   Code   RO         4890    x$fpl$basic         fz_wm.l(basic.o)
    0x0800b2e4   0x00000062   Code   RO         4892    x$fpl$d2f           fz_wm.l(d2f.o)
    0x0800b346   0x00000002   PAD
    0x0800b348   0x00000150   Code   RO         4894    x$fpl$dadd          fz_wm.l(daddsub_clz.o)
    0x0800b498   0x00000010   Code   RO         5177    x$fpl$dcheck1       fz_wm.l(dcheck1.o)
    0x0800b4a8   0x00000018   Code   RO         5028    x$fpl$dcmpinf       fz_wm.l(dcmpi.o)
    0x0800b4c0   0x000002b0   Code   RO         4901    x$fpl$ddiv          fz_wm.l(ddiv.o)
    0x0800b770   0x00000078   Code   RO         4904    x$fpl$deqf          fz_wm.l(deqf.o)
    0x0800b7e8   0x0000005e   Code   RO         4906    x$fpl$dfix          fz_wm.l(dfix.o)
    0x0800b846   0x0000002e   Code   RO         4915    x$fpl$dflt          fz_wm.l(dflt_clz.o)
    0x0800b874   0x000000a2   Code   RO         4920    x$fpl$dfltll        fz_wm.l(dfltll_clz.o)
    0x0800b916   0x00000026   Code   RO         4914    x$fpl$dfltu         fz_wm.l(dflt_clz.o)
    0x0800b93c   0x0000008a   Code   RO         4921    x$fpl$dfltull       fz_wm.l(dfltll_clz.o)
    0x0800b9c6   0x00000002   PAD
    0x0800b9c8   0x00000078   Code   RO         4924    x$fpl$dleqf         fz_wm.l(dleqf.o)
    0x0800ba40   0x00000154   Code   RO         4926    x$fpl$dmul          fz_wm.l(dmul.o)
    0x0800bb94   0x0000009c   Code   RO         5030    x$fpl$dnaninf       fz_wm.l(dnaninf.o)
    0x0800bc30   0x0000000c   Code   RO         5032    x$fpl$dretinf       fz_wm.l(dretinf.o)
    0x0800bc3c   0x0000006c   Code   RO         4928    x$fpl$drleqf        fz_wm.l(drleqf.o)
    0x0800bca8   0x00000016   Code   RO         4895    x$fpl$drsb          fz_wm.l(daddsub_clz.o)
    0x0800bcbe   0x00000002   PAD
    0x0800bcc0   0x00000198   Code   RO         5179    x$fpl$dsqrt         fz_wm.l(dsqrt_umaal.o)
    0x0800be58   0x000001d4   Code   RO         4896    x$fpl$dsub          fz_wm.l(daddsub_clz.o)
    0x0800c02c   0x00000056   Code   RO         4930    x$fpl$f2d           fz_wm.l(f2d.o)
    0x0800c082   0x00000060   Code   RO         4932    x$fpl$ffltll        fz_wm.l(ffltll_clz.o)
    0x0800c0e2   0x0000008c   Code   RO         5034    x$fpl$fnaninf       fz_wm.l(fnaninf.o)
    0x0800c16e   0x0000000a   Code   RO         5111    x$fpl$fpinit        fz_wm.l(fpinit.o)
    0x0800c178   0x0000000a   Code   RO         5036    x$fpl$fretinf       fz_wm.l(fretinf.o)
    0x0800c182   0x00000002   PAD
    0x0800c184   0x000000c2   Code   RO         4910    x$fpl$llsfromd      fz_wm.l(dfixll.o)
    0x0800c246   0x00000064   Code   RO         5263    x$fpl$retnan        fz_wm.l(retnan.o)
    0x0800c2aa   0x0000005c   Code   RO         5113    x$fpl$scalbn        fz_wm.l(scalbn.o)
    0x0800c306   0x00000030   Code   RO         5318    x$fpl$trapveneer    fz_wm.l(trapv.o)
    0x0800c336   0x00000000   Code   RO         5040    x$fpl$usenofp       fz_wm.l(usenofp.o)
    0x0800c336   0x000000c0   Data   RO         1470    .constdata          sbus.o
    0x0800c3f6   0x00000002   PAD
    0x0800c3f8   0x00000804   Data   RO         4791    .constdata          arm_common_tables.o
    0x0800cbfc   0x00000140   Data   RO         4961    .constdata          m_wm.l(powf.o)
    0x0800cd3c   0x00000004   PAD
    0x0800cd40   0x00000088   Data   RO         5060    .constdata          m_wm.l(pow.o)
    0x0800cdc8   0x00000008   Data   RO         5139    .constdata          m_wm.l(qnan.o)
    0x0800cdd0   0x00000020   Data   RO         5375    Region$$Table       anon$$obj.o
    0x0800cdf0   0x00000004   Data   RO            9    .init_array         main.o
    0x0800cdf4   0x00000004   Data   RO          486    .init_array         flycontrol.o
    0x0800cdf8   0x00000004   Data   RO          593    .init_array         posotion.o
    0x0800cdfc   0x00000004   Data   RO          683    .init_array         attitude.o
    0x0800ce00   0x00000004   Data   RO         1373    .init_array         mpu6050.o
    0x0800ce04   0x00000004   Data   RO         1851    .init_array         hmc5883.o
    0x0800ce08   0x00000004   Data   RO         1957    .init_array         ultra.o
    0x0800ce0c   0x00000004   Data   RO         2085    .init_array         ms5611_spi.o
    0x0800ce10   0x00000000   Data   RO         4876    .init_array         c_w.l(init_aeabi.o)


    Execution Region RW_IRAM1 (Base: 0x20000000, Size: 0x000015a0, Max: 0x00020000, ABSOLUTE, COMPRESSED[0x0000014c])

    Base Addr    Size         Type   Attr      Idx    E Section Name        Object

    0x20000000   0x00000010   Data   RW          287    .data               scheduler.o
    0x20000010   0x0000000f   Data   RW          371    .data               communication.o
    0x2000001f   0x00000001   PAD
    0x20000020   0x000003e8   Data   RW          485    .data               flycontrol.o
    0x20000408   0x00000028   Data   RW          592    .data               posotion.o
    0x20000430   0x00000030   Data   RW          682    .data               attitude.o
    0x20000460   0x0000000c   Data   RW          751    .data               math_user.o
    0x2000046c   0x0000000a   Data   RW          904    .data               sysstate.o
    0x20000476   0x00000002   PAD
    0x20000478   0x0000002c   Data   RW         1188    .data               time.o
    0x200004a4   0x00000020   Data   RW         1254    .data               led.o
    0x200004c4   0x00000014   Data   RW         1307    .data               motor.o
    0x200004d8   0x0000001c   Data   RW         1372    .data               mpu6050.o
    0x200004f4   0x00000021   Data   RW         1471    .data               sbus.o
    0x20000515   0x00000003   PAD
    0x20000518   0x00000028   Data   RW         1555    .data               nrf24l01.o
    0x20000540   0x0000000d   Data   RW         1673    .data               battery.o
    0x2000054d   0x00000003   PAD
    0x20000550   0x0000000d   Data   RW         1731    .data               ads1118.o
    0x2000055d   0x00000003   PAD
    0x20000560   0x0000001b   Data   RW         1799    .data               gps.o
    0x2000057b   0x00000001   PAD
    0x2000057c   0x00000014   Data   RW         1850    .data               hmc5883.o
    0x20000590   0x00000010   Data   RW         1910    .data               buzzer.o
    0x200005a0   0x00000028   Data   RW         1956    .data               ultra.o
    0x200005c8   0x00000022   Data   RW         2005    .data               usart.o
    0x200005ea   0x00000006   PAD
    0x200005f0   0x0000001e   Data   RW         2084    .data               ms5611_spi.o
    0x2000060e   0x00000002   PAD
    0x20000610   0x00000014   Data   RW         2170    .data               system_stm32f4xx.o
    0x20000624   0x00000010   Data   RW         3439    .data               stm32f4xx_rcc.o
    0x20000634   0x00000004   PAD
    0x20000638   0x00000060   Zero   RW            8    .bss                main.o
    0x20000698   0x00000018   Zero   RW          370    .bss                communication.o
    0x200006b0   0x00000068   Zero   RW          591    .bss                posotion.o
    0x20000718   0x0000006c   Zero   RW          681    .bss                attitude.o
    0x20000784   0x00000018   Zero   RW         1306    .bss                motor.o
    0x2000079c   0x000000e4   Zero   RW         1371    .bss                mpu6050.o
    0x20000880   0x00000062   Zero   RW         1469    .bss                sbus.o
    0x200008e2   0x00000060   Zero   RW         1554    .bss                nrf24l01.o
    0x20000942   0x00000002   PAD
    0x20000944   0x00000030   Zero   RW         1672    .bss                battery.o
    0x20000974   0x0000040c   Zero   RW         1798    .bss                gps.o
    0x20000d80   0x00000078   Zero   RW         1849    .bss                hmc5883.o
    0x20000df8   0x00000040   Zero   RW         1955    .bss                ultra.o
    0x20000e38   0x00000060   Zero   RW         2004    .bss                usart.o
    0x20000e98   0x000000a8   Zero   RW         2083    .bss                ms5611_spi.o
    0x20000f40   0x00000060   Zero   RW         5153    .bss                c_w.l(libspace.o)
    0x20000fa0   0x00000200   Zero   RW         2155    HEAP                startup_stm32f40xx.o
    0x200011a0   0x00000400   Zero   RW         2154    STACK               startup_stm32f40xx.o


==============================================================================

Image component sizes


      Code (inc. data)   RO Data    RW Data    ZI Data      Debug   Object Name

       892         58          0         13          0       6025   ads1118.o
         0          0       2052          0          0        591   arm_common_tables.o
       144         12          0          0          0        726   arm_cos_f32.o
       140         12          0          0          0        726   arm_sin_f32.o
      2760        110          4         48        108      17984   attitude.o
       872         62          0         13         48       3664   battery.o
       132         22          0         16          0       2140   buzzer.o
      9630        224          0         15         24      14130   communication.o
      1148          4          0          0          0       5060   filter.o
      4184        326          4       1000          0       7635   flycontrol.o
       440         48          0         27       1036       3756   gps.o
       814         80          4         20        120       5406   hmc5883.o
       772          0          0          0          0       6436   i2c_soft.o
       280         40          0         32          0       2900   led.o
       218         62          4          0         96     341443   main.o
       520         36          0         12          0      19962   math_user.o
       140         24          0          0          0       1515   misc.o
      1428         88          0         20         24       3267   motor.o
      2016        172          4         28        228       9651   mpu6050.o
      1680        168          4         30        168       8430   ms5611_spi.o
      1262        120          0         40         96      10310   nrf24l01.o
       888         44          0          0          0       2468   pid.o
      1360        218          4         40        104       7522   posotion.o
       724         88        192         33         98       5697   sbus.o
       174         58          0         16          0       2696   scheduler.o
        64         26        392          0       1536        820   startup_stm32f40xx.o
       392         24          0          0          0       5379   stm32f4xx_adc.o
       110          6          0          0          0       2341   stm32f4xx_dma.o
       184         16          0          0          0       2040   stm32f4xx_exti.o
       402         40          0          0          0       4349   stm32f4xx_flash.o
       222          0          0          0          0       2815   stm32f4xx_gpio.o
        24          0          0          0          0       3548   stm32f4xx_it.o
       324         32          0         16          0       4591   stm32f4xx_rcc.o
       112          0          0          0          0       3410   stm32f4xx_spi.o
        64          4          0          0          0        640   stm32f4xx_syscfg.o
       702         58          0          0          0       7889   stm32f4xx_tim.o
       438          8          0          0          0       5309   stm32f4xx_usart.o
       936         70          0         10          0       4184   sysstate.o
       340         32          0         20          0       1753   system_stm32f4xx.o
       364         34          0         44          0      30441   time.o
       380         64          4         40         64       2176   ultra.o
       548         70          0         34         96       4795   usart.o

    ----------------------------------------------------------------------
     38256       2560       2702       1588       3852     576620   Object Totals
         0          0         32          0          0          0   (incl. Generated)
        32          0          2         21          6          0   (incl. Padding)

    ----------------------------------------------------------------------

      Code (inc. data)   RO Data    RW Data    ZI Data      Debug   Library Member Name

        90          0          0          0          0          0   __dczerorl2.o
         8          0          0          0          0         68   __main.o
         0          0          0          0          0          0   __rtentry.o
        12          0          0          0          0          0   __rtentry2.o
         6          0          0          0          0          0   __rtentry4.o
        52          8          0          0          0          0   __scatter.o
        28          0          0          0          0          0   __scatter_zi.o
        22          0          0          0          0        100   _rserrno.o
        12          0          0          0          0         72   exit.o
         6          0          0          0          0        152   heapauxi.o
         0          0          0          0          0          0   indicate_semi.o
        36         10          0          0          0         80   init_aeabi.o
         2          0          0          0          0          0   libinit.o
        10          0          0          0          0          0   libinit2.o
         2          0          0          0          0          0   libshutdown.o
         2          0          0          0          0          0   libshutdown2.o
         8          4          0          0         96         68   libspace.o
        72          0          0          0          0         76   llsdiv.o
       238          0          0          0          0        100   lludivv7m.o
         8          4          0          0          0         68   rt_errno_addr_intlibspace.o
         2          0          0          0          0          0   rtexit.o
        10          0          0          0          0          0   rtexit2.o
        12          4          0          0          0         68   sys_exit.o
        74          0          0          0          0         80   sys_stackheap_outer.o
         2          0          0          0          0         68   use_no_semi.o
        36          0          0          0          0         84   aeabi_vec_ctor_nocookie_nodtor.o
        16          0          0          0          0         68   cxa_guard_acquire.o
        24          0          0          0          0        164   basic.o
        98          4          0          0          0        140   d2f.o
       826         16          0          0          0        492   daddsub_clz.o
        16          4          0          0          0        116   dcheck1.o
        24          0          0          0          0        116   dcmpi.o
       688        140          0          0          0        256   ddiv.o
       120          4          0          0          0        140   deqf.o
        94          4          0          0          0        140   dfix.o
       194          4          0          0          0        164   dfixll.o
        84          0          0          0          0        232   dflt_clz.o
       300          0          0          0          0        264   dfltll_clz.o
       120          4          0          0          0        140   dleqf.o
       340         12          0          0          0        152   dmul.o
       156          4          0          0          0        140   dnaninf.o
        12          0          0          0          0        116   dretinf.o
       108          0          0          0          0        128   drleqf.o
       408         56          0          0          0        168   dsqrt_umaal.o
        86          4          0          0          0        132   f2d.o
        96          0          0          0          0        132   ffltll_clz.o
       140          4          0          0          0        132   fnaninf.o
        10          0          0          0          0        116   fpinit.o
        10          0          0          0          0        116   fretinf.o
       100          0          0          0          0        116   retnan.o
        92          0          0          0          0        116   scalbn.o
        48          0          0          0          0        116   trapv.o
         0          0          0          0          0          0   usenofp.o
       300         42          0          0          0        176   asinf.o
       592         90          0          0          0        184   atan2f.o
       164         44          0          0          0        620   dunder.o
        24          0          0          0          0        124   fabs.o
        48          0          0          0          0        124   fpclassify.o
        38          0          0          0          0        116   fpclassifyf.o
        80         24          0          0          0        696   funder.o
       248          0          0          0          0        152   poly.o
      3128        302        136          0          0        356   pow.o
      1548        110        320          0          0        268   powf.o
         4          0          0          0          0        116   powl.o
         0          0          8          0          0          0   qnan.o
       110          0          0          0          0        148   sqrt.o
        62          0          0          0          0        136   sqrtf.o

    ----------------------------------------------------------------------
     11326        902        468          0         96       8412   Library Totals
        20          0          4          0          0          0   (incl. Padding)

    ----------------------------------------------------------------------

      Code (inc. data)   RO Data    RW Data    ZI Data      Debug   Library Name

       714         30          0          0         96       1000   c_w.l
        52          0          0          0          0        152   cpprt_w.l
      4194        260          0          0          0       4044   fz_wm.l
      6346        612        464          0          0       3216   m_wm.l

    ----------------------------------------------------------------------
     11326        902        468          0         96       8412   Library Totals

    ----------------------------------------------------------------------

==============================================================================


      Code (inc. data)   RO Data    RW Data    ZI Data      Debug   

     49582       3462       3170       1588       3948     558412   Grand Totals
     49582       3462       3170        332       3948     558412   ELF Image Totals (compressed)
     49582       3462       3170        332          0          0   ROM Totals

==============================================================================

    Total RO  Size (Code + RO Data)                52752 (  51.52kB)
    Total RW  Size (RW Data + ZI Data)              5536 (   5.41kB)
    Total ROM Size (Code + RO Data + RW Data)      53084 (  51.84kB)

==============================================================================

